[      96ms] [LOG] 💾 Form data auto-saved @ http://localhost:3000/_next/static/chunks/2ff6d_next_dist_bc817883._.js:2297
[     332ms] [INFO] %cDownload the React DevTools for a better development experience: https://react.dev/link/react-devtools font-weight:bold @ http://localhost:3000/_next/static/chunks/2ff6d_next_dist_bc817883._.js:2297
[     378ms] [LOG] [HMR] connected @ http://localhost:3000/_next/static/chunks/2ff6d_next_dist_bc817883._.js:2297
[     434ms] [LOG] 📂 Loading saved proposal data... @ http://localhost:3000/_next/static/chunks/2ff6d_next_dist_bc817883._.js:2297
[     436ms] [LOG] ✅ Proposal data restored from localStorage @ http://localhost:3000/_next/static/chunks/2ff6d_next_dist_bc817883._.js:2297
[    5678ms] [LOG] 💾 Proposal data auto-saved @ http://localhost:3000/_next/static/chunks/2ff6d_next_dist_bc817883._.js:2297
[   10677ms] [LOG] 💾 Proposal data auto-saved @ http://localhost:3000/_next/static/chunks/2ff6d_next_dist_bc817883._.js:2297
[   15678ms] [LOG] 💾 Proposal data auto-saved @ http://localhost:3000/_next/static/chunks/2ff6d_next_dist_bc817883._.js:2297
[   20678ms] [LOG] 💾 Proposal data auto-saved @ http://localhost:3000/_next/static/chunks/2ff6d_next_dist_bc817883._.js:2297
[   25678ms] [LOG] 💾 Proposal data auto-saved @ http://localhost:3000/_next/static/chunks/2ff6d_next_dist_bc817883._.js:2297
[   30677ms] [LOG] 💾 Proposal data auto-saved @ http://localhost:3000/_next/static/chunks/2ff6d_next_dist_bc817883._.js:2297
[   35678ms] [LOG] 💾 Proposal data auto-saved @ http://localhost:3000/_next/static/chunks/2ff6d_next_dist_bc817883._.js:2297
[   40678ms] [LOG] 💾 Proposal data auto-saved @ http://localhost:3000/_next/static/chunks/2ff6d_next_dist_bc817883._.js:2297
[   45678ms] [LOG] 💾 Proposal data auto-saved @ http://localhost:3000/_next/static/chunks/2ff6d_next_dist_bc817883._.js:2297
[   50678ms] [LOG] 💾 Proposal data auto-saved @ http://localhost:3000/_next/static/chunks/2ff6d_next_dist_bc817883._.js:2297
[   55678ms] [LOG] 💾 Proposal data auto-saved @ http://localhost:3000/_next/static/chunks/2ff6d_next_dist_bc817883._.js:2297
[   60678ms] [LOG] 💾 Proposal data auto-saved @ http://localhost:3000/_next/static/chunks/2ff6d_next_dist_bc817883._.js:2297
[   65677ms] [LOG] 💾 Proposal data auto-saved @ http://localhost:3000/_next/static/chunks/2ff6d_next_dist_bc817883._.js:2297
[   70678ms] [LOG] 💾 Proposal data auto-saved @ http://localhost:3000/_next/static/chunks/2ff6d_next_dist_bc817883._.js:2297
[   75678ms] [LOG] 💾 Proposal data auto-saved @ http://localhost:3000/_next/static/chunks/2ff6d_next_dist_bc817883._.js:2297
[   80678ms] [LOG] 💾 Proposal data auto-saved @ http://localhost:3000/_next/static/chunks/2ff6d_next_dist_bc817883._.js:2297
[   85678ms] [LOG] 💾 Proposal data auto-saved @ http://localhost:3000/_next/static/chunks/2ff6d_next_dist_bc817883._.js:2297
[   90678ms] [LOG] 💾 Proposal data auto-saved @ http://localhost:3000/_next/static/chunks/2ff6d_next_dist_bc817883._.js:2297
[   95678ms] [LOG] 💾 Proposal data auto-saved @ http://localhost:3000/_next/static/chunks/2ff6d_next_dist_bc817883._.js:2297
[  100677ms] [LOG] 💾 Proposal data auto-saved @ http://localhost:3000/_next/static/chunks/2ff6d_next_dist_bc817883._.js:2297
[  105678ms] [LOG] 💾 Proposal data auto-saved @ http://localhost:3000/_next/static/chunks/2ff6d_next_dist_bc817883._.js:2297
[  110678ms] [LOG] 💾 Proposal data auto-saved @ http://localhost:3000/_next/static/chunks/2ff6d_next_dist_bc817883._.js:2297
[  115678ms] [LOG] 💾 Proposal data auto-saved @ http://localhost:3000/_next/static/chunks/2ff6d_next_dist_bc817883._.js:2297
[  120679ms] [LOG] 💾 Proposal data auto-saved @ http://localhost:3000/_next/static/chunks/2ff6d_next_dist_bc817883._.js:2297
[  125678ms] [LOG] 💾 Proposal data auto-saved @ http://localhost:3000/_next/static/chunks/2ff6d_next_dist_bc817883._.js:2297
[  130678ms] [LOG] 💾 Proposal data auto-saved @ http://localhost:3000/_next/static/chunks/2ff6d_next_dist_bc817883._.js:2297
[  135679ms] [LOG] 💾 Proposal data auto-saved @ http://localhost:3000/_next/static/chunks/2ff6d_next_dist_bc817883._.js:2297
[  140678ms] [LOG] 💾 Proposal data auto-saved @ http://localhost:3000/_next/static/chunks/2ff6d_next_dist_bc817883._.js:2297
[  145678ms] [LOG] 💾 Proposal data auto-saved @ http://localhost:3000/_next/static/chunks/2ff6d_next_dist_bc817883._.js:2297
[  150678ms] [LOG] 💾 Proposal data auto-saved @ http://localhost:3000/_next/static/chunks/2ff6d_next_dist_bc817883._.js:2297
[  155678ms] [LOG] 💾 Proposal data auto-saved @ http://localhost:3000/_next/static/chunks/2ff6d_next_dist_bc817883._.js:2297
[  160679ms] [LOG] 💾 Proposal data auto-saved @ http://localhost:3000/_next/static/chunks/2ff6d_next_dist_bc817883._.js:2297
[  165679ms] [LOG] 💾 Proposal data auto-saved @ http://localhost:3000/_next/static/chunks/2ff6d_next_dist_bc817883._.js:2297
[  170678ms] [LOG] 💾 Proposal data auto-saved @ http://localhost:3000/_next/static/chunks/2ff6d_next_dist_bc817883._.js:2297
[  175678ms] [LOG] 💾 Proposal data auto-saved @ http://localhost:3000/_next/static/chunks/2ff6d_next_dist_bc817883._.js:2297
[  180678ms] [LOG] 💾 Proposal data auto-saved @ http://localhost:3000/_next/static/chunks/2ff6d_next_dist_bc817883._.js:2297
[  185678ms] [LOG] 💾 Proposal data auto-saved @ http://localhost:3000/_next/static/chunks/2ff6d_next_dist_bc817883._.js:2297
[  190679ms] [LOG] 💾 Proposal data auto-saved @ http://localhost:3000/_next/static/chunks/2ff6d_next_dist_bc817883._.js:2297
[  195678ms] [LOG] 💾 Proposal data auto-saved @ http://localhost:3000/_next/static/chunks/2ff6d_next_dist_bc817883._.js:2297
[  200678ms] [LOG] 💾 Proposal data auto-saved @ http://localhost:3000/_next/static/chunks/2ff6d_next_dist_bc817883._.js:2297
[  205678ms] [LOG] 💾 Proposal data auto-saved @ http://localhost:3000/_next/static/chunks/2ff6d_next_dist_bc817883._.js:2297
[  210679ms] [LOG] 💾 Proposal data auto-saved @ http://localhost:3000/_next/static/chunks/2ff6d_next_dist_bc817883._.js:2297
[  215678ms] [LOG] 💾 Proposal data auto-saved @ http://localhost:3000/_next/static/chunks/2ff6d_next_dist_bc817883._.js:2297
[  220678ms] [LOG] 💾 Proposal data auto-saved @ http://localhost:3000/_next/static/chunks/2ff6d_next_dist_bc817883._.js:2297
[  225678ms] [LOG] 💾 Proposal data auto-saved @ http://localhost:3000/_next/static/chunks/2ff6d_next_dist_bc817883._.js:2297
[  230678ms] [LOG] 💾 Proposal data auto-saved @ http://localhost:3000/_next/static/chunks/2ff6d_next_dist_bc817883._.js:2297
[  235678ms] [LOG] 💾 Proposal data auto-saved @ http://localhost:3000/_next/static/chunks/2ff6d_next_dist_bc817883._.js:2297
[  240679ms] [LOG] 💾 Proposal data auto-saved @ http://localhost:3000/_next/static/chunks/2ff6d_next_dist_bc817883._.js:2297
[  245678ms] [LOG] 💾 Proposal data auto-saved @ http://localhost:3000/_next/static/chunks/2ff6d_next_dist_bc817883._.js:2297
[  250679ms] [LOG] 💾 Proposal data auto-saved @ http://localhost:3000/_next/static/chunks/2ff6d_next_dist_bc817883._.js:2297
[  255678ms] [LOG] 💾 Proposal data auto-saved @ http://localhost:3000/_next/static/chunks/2ff6d_next_dist_bc817883._.js:2297
[  261716ms] [LOG] 💾 Proposal data auto-saved @ http://localhost:3000/_next/static/chunks/2ff6d_next_dist_bc817883._.js:2297
[  270844ms] [LOG] 💾 Proposal data auto-saved @ http://localhost:3000/_next/static/chunks/2ff6d_next_dist_bc817883._.js:2297
[  275844ms] [LOG] 💾 Proposal data auto-saved @ http://localhost:3000/_next/static/chunks/2ff6d_next_dist_bc817883._.js:2297
[  280844ms] [LOG] 💾 Proposal data auto-saved @ http://localhost:3000/_next/static/chunks/2ff6d_next_dist_bc817883._.js:2297
[  285844ms] [LOG] 💾 Proposal data auto-saved @ http://localhost:3000/_next/static/chunks/2ff6d_next_dist_bc817883._.js:2297
[  293314ms] [LOG] 💾 Proposal data auto-saved @ http://localhost:3000/_next/static/chunks/2ff6d_next_dist_bc817883._.js:2297
[  298316ms] [LOG] 💾 Proposal data auto-saved @ http://localhost:3000/_next/static/chunks/2ff6d_next_dist_bc817883._.js:2297
[  305728ms] [LOG] 💾 Proposal data auto-saved @ http://localhost:3000/_next/static/chunks/2ff6d_next_dist_bc817883._.js:2297
[  310702ms] [LOG] 💾 Proposal data auto-saved @ http://localhost:3000/_next/static/chunks/2ff6d_next_dist_bc817883._.js:2297
[  315702ms] [LOG] 💾 Proposal data auto-saved @ http://localhost:3000/_next/static/chunks/2ff6d_next_dist_bc817883._.js:2297
[  320703ms] [LOG] 💾 Proposal data auto-saved @ http://localhost:3000/_next/static/chunks/2ff6d_next_dist_bc817883._.js:2297
[  325701ms] [LOG] 💾 Proposal data auto-saved @ http://localhost:3000/_next/static/chunks/2ff6d_next_dist_bc817883._.js:2297
[  341380ms] [LOG] 💾 Proposal data auto-saved @ http://localhost:3000/_next/static/chunks/2ff6d_next_dist_bc817883._.js:2297
[  345703ms] [LOG] 💾 Proposal data auto-saved @ http://localhost:3000/_next/static/chunks/2ff6d_next_dist_bc817883._.js:2297
[  350702ms] [LOG] 💾 Proposal data auto-saved @ http://localhost:3000/_next/static/chunks/2ff6d_next_dist_bc817883._.js:2297
[  355702ms] [LOG] 💾 Proposal data auto-saved @ http://localhost:3000/_next/static/chunks/2ff6d_next_dist_bc817883._.js:2297
[  360701ms] [LOG] 💾 Proposal data auto-saved @ http://localhost:3000/_next/static/chunks/2ff6d_next_dist_bc817883._.js:2297
[  365702ms] [LOG] 💾 Proposal data auto-saved @ http://localhost:3000/_next/static/chunks/2ff6d_next_dist_bc817883._.js:2297
[  370701ms] [LOG] 💾 Proposal data auto-saved @ http://localhost:3000/_next/static/chunks/2ff6d_next_dist_bc817883._.js:2297
[  375703ms] [LOG] 💾 Proposal data auto-saved @ http://localhost:3000/_next/static/chunks/2ff6d_next_dist_bc817883._.js:2297
[  380701ms] [LOG] 💾 Proposal data auto-saved @ http://localhost:3000/_next/static/chunks/2ff6d_next_dist_bc817883._.js:2297
[  385702ms] [LOG] 💾 Proposal data auto-saved @ http://localhost:3000/_next/static/chunks/2ff6d_next_dist_bc817883._.js:2297
[  390702ms] [LOG] 💾 Proposal data auto-saved @ http://localhost:3000/_next/static/chunks/2ff6d_next_dist_bc817883._.js:2297
[  395702ms] [LOG] 💾 Proposal data auto-saved @ http://localhost:3000/_next/static/chunks/2ff6d_next_dist_bc817883._.js:2297
[  400702ms] [LOG] 💾 Proposal data auto-saved @ http://localhost:3000/_next/static/chunks/2ff6d_next_dist_bc817883._.js:2297
[  405702ms] [LOG] 💾 Proposal data auto-saved @ http://localhost:3000/_next/static/chunks/2ff6d_next_dist_bc817883._.js:2297
[  410703ms] [LOG] 💾 Proposal data auto-saved @ http://localhost:3000/_next/static/chunks/2ff6d_next_dist_bc817883._.js:2297
[  415702ms] [LOG] 💾 Proposal data auto-saved @ http://localhost:3000/_next/static/chunks/2ff6d_next_dist_bc817883._.js:2297
[  420701ms] [LOG] 💾 Proposal data auto-saved @ http://localhost:3000/_next/static/chunks/2ff6d_next_dist_bc817883._.js:2297
[  425701ms] [LOG] 💾 Proposal data auto-saved @ http://localhost:3000/_next/static/chunks/2ff6d_next_dist_bc817883._.js:2297
[  430701ms] [LOG] 💾 Proposal data auto-saved @ http://localhost:3000/_next/static/chunks/2ff6d_next_dist_bc817883._.js:2297
[  435701ms] [LOG] 💾 Proposal data auto-saved @ http://localhost:3000/_next/static/chunks/2ff6d_next_dist_bc817883._.js:2297
[  440702ms] [LOG] 💾 Proposal data auto-saved @ http://localhost:3000/_next/static/chunks/2ff6d_next_dist_bc817883._.js:2297
[  445702ms] [LOG] 💾 Proposal data auto-saved @ http://localhost:3000/_next/static/chunks/2ff6d_next_dist_bc817883._.js:2297
[  450701ms] [LOG] 💾 Proposal data auto-saved @ http://localhost:3000/_next/static/chunks/2ff6d_next_dist_bc817883._.js:2297
[  455702ms] [LOG] 💾 Proposal data auto-saved @ http://localhost:3000/_next/static/chunks/2ff6d_next_dist_bc817883._.js:2297
[  460701ms] [LOG] 💾 Proposal data auto-saved @ http://localhost:3000/_next/static/chunks/2ff6d_next_dist_bc817883._.js:2297
[  465702ms] [LOG] 💾 Proposal data auto-saved @ http://localhost:3000/_next/static/chunks/2ff6d_next_dist_bc817883._.js:2297
[  470701ms] [LOG] 💾 Proposal data auto-saved @ http://localhost:3000/_next/static/chunks/2ff6d_next_dist_bc817883._.js:2297
[  475702ms] [LOG] 💾 Proposal data auto-saved @ http://localhost:3000/_next/static/chunks/2ff6d_next_dist_bc817883._.js:2297
[  480702ms] [LOG] 💾 Proposal data auto-saved @ http://localhost:3000/_next/static/chunks/2ff6d_next_dist_bc817883._.js:2297
[  485702ms] [LOG] 💾 Proposal data auto-saved @ http://localhost:3000/_next/static/chunks/2ff6d_next_dist_bc817883._.js:2297
[  490701ms] [LOG] 💾 Proposal data auto-saved @ http://localhost:3000/_next/static/chunks/2ff6d_next_dist_bc817883._.js:2297
[  495702ms] [LOG] 💾 Proposal data auto-saved @ http://localhost:3000/_next/static/chunks/2ff6d_next_dist_bc817883._.js:2297
[  500701ms] [LOG] 💾 Proposal data auto-saved @ http://localhost:3000/_next/static/chunks/2ff6d_next_dist_bc817883._.js:2297
[  505701ms] [LOG] 💾 Proposal data auto-saved @ http://localhost:3000/_next/static/chunks/2ff6d_next_dist_bc817883._.js:2297
[  510702ms] [LOG] 💾 Proposal data auto-saved @ http://localhost:3000/_next/static/chunks/2ff6d_next_dist_bc817883._.js:2297
[  515702ms] [LOG] 💾 Proposal data auto-saved @ http://localhost:3000/_next/static/chunks/2ff6d_next_dist_bc817883._.js:2297
[  520701ms] [LOG] 💾 Proposal data auto-saved @ http://localhost:3000/_next/static/chunks/2ff6d_next_dist_bc817883._.js:2297
[  525701ms] [LOG] 💾 Proposal data auto-saved @ http://localhost:3000/_next/static/chunks/2ff6d_next_dist_bc817883._.js:2297
[  530702ms] [LOG] 💾 Proposal data auto-saved @ http://localhost:3000/_next/static/chunks/2ff6d_next_dist_bc817883._.js:2297
[  535702ms] [LOG] 💾 Proposal data auto-saved @ http://localhost:3000/_next/static/chunks/2ff6d_next_dist_bc817883._.js:2297
[  540702ms] [LOG] 💾 Proposal data auto-saved @ http://localhost:3000/_next/static/chunks/2ff6d_next_dist_bc817883._.js:2297
[  545701ms] [LOG] 💾 Proposal data auto-saved @ http://localhost:3000/_next/static/chunks/2ff6d_next_dist_bc817883._.js:2297
[  550702ms] [LOG] 💾 Proposal data auto-saved @ http://localhost:3000/_next/static/chunks/2ff6d_next_dist_bc817883._.js:2297
[  555702ms] [LOG] 💾 Proposal data auto-saved @ http://localhost:3000/_next/static/chunks/2ff6d_next_dist_bc817883._.js:2297
[  560702ms] [LOG] 💾 Proposal data auto-saved @ http://localhost:3000/_next/static/chunks/2ff6d_next_dist_bc817883._.js:2297
[  565702ms] [LOG] 💾 Proposal data auto-saved @ http://localhost:3000/_next/static/chunks/2ff6d_next_dist_bc817883._.js:2297
[  570701ms] [LOG] 💾 Proposal data auto-saved @ http://localhost:3000/_next/static/chunks/2ff6d_next_dist_bc817883._.js:2297
[  575701ms] [LOG] 💾 Proposal data auto-saved @ http://localhost:3000/_next/static/chunks/2ff6d_next_dist_bc817883._.js:2297
[  580701ms] [LOG] 💾 Proposal data auto-saved @ http://localhost:3000/_next/static/chunks/2ff6d_next_dist_bc817883._.js:2297
[  585701ms] [LOG] 💾 Proposal data auto-saved @ http://localhost:3000/_next/static/chunks/2ff6d_next_dist_bc817883._.js:2297
[  590702ms] [LOG] 💾 Proposal data auto-saved @ http://localhost:3000/_next/static/chunks/2ff6d_next_dist_bc817883._.js:2297
[  595701ms] [LOG] 💾 Proposal data auto-saved @ http://localhost:3000/_next/static/chunks/2ff6d_next_dist_bc817883._.js:2297
[  600701ms] [LOG] 💾 Proposal data auto-saved @ http://localhost:3000/_next/static/chunks/2ff6d_next_dist_bc817883._.js:2297
[  605701ms] [LOG] 💾 Proposal data auto-saved @ http://localhost:3000/_next/static/chunks/2ff6d_next_dist_bc817883._.js:2297
[  610701ms] [LOG] 💾 Proposal data auto-saved @ http://localhost:3000/_next/static/chunks/2ff6d_next_dist_bc817883._.js:2297
[  615702ms] [LOG] 💾 Proposal data auto-saved @ http://localhost:3000/_next/static/chunks/2ff6d_next_dist_bc817883._.js:2297
[  620701ms] [LOG] 💾 Proposal data auto-saved @ http://localhost:3000/_next/static/chunks/2ff6d_next_dist_bc817883._.js:2297
[  625702ms] [LOG] 💾 Proposal data auto-saved @ http://localhost:3000/_next/static/chunks/2ff6d_next_dist_bc817883._.js:2297
[  630701ms] [LOG] 💾 Proposal data auto-saved @ http://localhost:3000/_next/static/chunks/2ff6d_next_dist_bc817883._.js:2297
[  635701ms] [LOG] 💾 Proposal data auto-saved @ http://localhost:3000/_next/static/chunks/2ff6d_next_dist_bc817883._.js:2297
[  640702ms] [LOG] 💾 Proposal data auto-saved @ http://localhost:3000/_next/static/chunks/2ff6d_next_dist_bc817883._.js:2297
[  645702ms] [LOG] 💾 Proposal data auto-saved @ http://localhost:3000/_next/static/chunks/2ff6d_next_dist_bc817883._.js:2297
[  650702ms] [LOG] 💾 Proposal data auto-saved @ http://localhost:3000/_next/static/chunks/2ff6d_next_dist_bc817883._.js:2297
[  655701ms] [LOG] 💾 Proposal data auto-saved @ http://localhost:3000/_next/static/chunks/2ff6d_next_dist_bc817883._.js:2297
[  660702ms] [LOG] 💾 Proposal data auto-saved @ http://localhost:3000/_next/static/chunks/2ff6d_next_dist_bc817883._.js:2297
[  665701ms] [LOG] 💾 Proposal data auto-saved @ http://localhost:3000/_next/static/chunks/2ff6d_next_dist_bc817883._.js:2297
[  670703ms] [LOG] 💾 Proposal data auto-saved @ http://localhost:3000/_next/static/chunks/2ff6d_next_dist_bc817883._.js:2297
[  675703ms] [LOG] 💾 Proposal data auto-saved @ http://localhost:3000/_next/static/chunks/2ff6d_next_dist_bc817883._.js:2297
[  680702ms] [LOG] 💾 Proposal data auto-saved @ http://localhost:3000/_next/static/chunks/2ff6d_next_dist_bc817883._.js:2297
[  685702ms] [LOG] 💾 Proposal data auto-saved @ http://localhost:3000/_next/static/chunks/2ff6d_next_dist_bc817883._.js:2297
[  690702ms] [LOG] 💾 Proposal data auto-saved @ http://localhost:3000/_next/static/chunks/2ff6d_next_dist_bc817883._.js:2297
[  695702ms] [LOG] 💾 Proposal data auto-saved @ http://localhost:3000/_next/static/chunks/2ff6d_next_dist_bc817883._.js:2297
[  700702ms] [LOG] 💾 Proposal data auto-saved @ http://localhost:3000/_next/static/chunks/2ff6d_next_dist_bc817883._.js:2297
[  705701ms] [LOG] 💾 Proposal data auto-saved @ http://localhost:3000/_next/static/chunks/2ff6d_next_dist_bc817883._.js:2297
[  710701ms] [LOG] 💾 Proposal data auto-saved @ http://localhost:3000/_next/static/chunks/2ff6d_next_dist_bc817883._.js:2297
[  715701ms] [LOG] 💾 Proposal data auto-saved @ http://localhost:3000/_next/static/chunks/2ff6d_next_dist_bc817883._.js:2297
[  720702ms] [LOG] 💾 Proposal data auto-saved @ http://localhost:3000/_next/static/chunks/2ff6d_next_dist_bc817883._.js:2297
[  725701ms] [LOG] 💾 Proposal data auto-saved @ http://localhost:3000/_next/static/chunks/2ff6d_next_dist_bc817883._.js:2297
[  730702ms] [LOG] 💾 Proposal data auto-saved @ http://localhost:3000/_next/static/chunks/2ff6d_next_dist_bc817883._.js:2297
[  735702ms] [LOG] 💾 Proposal data auto-saved @ http://localhost:3000/_next/static/chunks/2ff6d_next_dist_bc817883._.js:2297
[  740702ms] [LOG] 💾 Proposal data auto-saved @ http://localhost:3000/_next/static/chunks/2ff6d_next_dist_bc817883._.js:2297
[  745701ms] [LOG] 💾 Proposal data auto-saved @ http://localhost:3000/_next/static/chunks/2ff6d_next_dist_bc817883._.js:2297
[  750702ms] [LOG] 💾 Proposal data auto-saved @ http://localhost:3000/_next/static/chunks/2ff6d_next_dist_bc817883._.js:2297
[  755701ms] [LOG] 💾 Proposal data auto-saved @ http://localhost:3000/_next/static/chunks/2ff6d_next_dist_bc817883._.js:2297
[  760702ms] [LOG] 💾 Proposal data auto-saved @ http://localhost:3000/_next/static/chunks/2ff6d_next_dist_bc817883._.js:2297
[  765702ms] [LOG] 💾 Proposal data auto-saved @ http://localhost:3000/_next/static/chunks/2ff6d_next_dist_bc817883._.js:2297
[  770702ms] [LOG] 💾 Proposal data auto-saved @ http://localhost:3000/_next/static/chunks/2ff6d_next_dist_bc817883._.js:2297
[  775702ms] [LOG] 💾 Proposal data auto-saved @ http://localhost:3000/_next/static/chunks/2ff6d_next_dist_bc817883._.js:2297
[  780701ms] [LOG] 💾 Proposal data auto-saved @ http://localhost:3000/_next/static/chunks/2ff6d_next_dist_bc817883._.js:2297
[  785701ms] [LOG] 💾 Proposal data auto-saved @ http://localhost:3000/_next/static/chunks/2ff6d_next_dist_bc817883._.js:2297
[  790701ms] [LOG] 💾 Proposal data auto-saved @ http://localhost:3000/_next/static/chunks/2ff6d_next_dist_bc817883._.js:2297
[  795702ms] [LOG] 💾 Proposal data auto-saved @ http://localhost:3000/_next/static/chunks/2ff6d_next_dist_bc817883._.js:2297
[  800701ms] [LOG] 💾 Proposal data auto-saved @ http://localhost:3000/_next/static/chunks/2ff6d_next_dist_bc817883._.js:2297
[  805702ms] [LOG] 💾 Proposal data auto-saved @ http://localhost:3000/_next/static/chunks/2ff6d_next_dist_bc817883._.js:2297
[  810701ms] [LOG] 💾 Proposal data auto-saved @ http://localhost:3000/_next/static/chunks/2ff6d_next_dist_bc817883._.js:2297
[  815703ms] [LOG] 💾 Proposal data auto-saved @ http://localhost:3000/_next/static/chunks/2ff6d_next_dist_bc817883._.js:2297
[  820701ms] [LOG] 💾 Proposal data auto-saved @ http://localhost:3000/_next/static/chunks/2ff6d_next_dist_bc817883._.js:2297
[  825701ms] [LOG] 💾 Proposal data auto-saved @ http://localhost:3000/_next/static/chunks/2ff6d_next_dist_bc817883._.js:2297
[  830701ms] [LOG] 💾 Proposal data auto-saved @ http://localhost:3000/_next/static/chunks/2ff6d_next_dist_bc817883._.js:2297
[  835701ms] [LOG] 💾 Proposal data auto-saved @ http://localhost:3000/_next/static/chunks/2ff6d_next_dist_bc817883._.js:2297
[  840701ms] [LOG] 💾 Proposal data auto-saved @ http://localhost:3000/_next/static/chunks/2ff6d_next_dist_bc817883._.js:2297
[  845701ms] [LOG] 💾 Proposal data auto-saved @ http://localhost:3000/_next/static/chunks/2ff6d_next_dist_bc817883._.js:2297
[  850702ms] [LOG] 💾 Proposal data auto-saved @ http://localhost:3000/_next/static/chunks/2ff6d_next_dist_bc817883._.js:2297
[  855701ms] [LOG] 💾 Proposal data auto-saved @ http://localhost:3000/_next/static/chunks/2ff6d_next_dist_bc817883._.js:2297
[  860702ms] [LOG] 💾 Proposal data auto-saved @ http://localhost:3000/_next/static/chunks/2ff6d_next_dist_bc817883._.js:2297
[  865701ms] [LOG] 💾 Proposal data auto-saved @ http://localhost:3000/_next/static/chunks/2ff6d_next_dist_bc817883._.js:2297
[  870701ms] [LOG] 💾 Proposal data auto-saved @ http://localhost:3000/_next/static/chunks/2ff6d_next_dist_bc817883._.js:2297
[  875702ms] [LOG] 💾 Proposal data auto-saved @ http://localhost:3000/_next/static/chunks/2ff6d_next_dist_bc817883._.js:2297
[  880702ms] [LOG] 💾 Proposal data auto-saved @ http://localhost:3000/_next/static/chunks/2ff6d_next_dist_bc817883._.js:2297
[  885701ms] [LOG] 💾 Proposal data auto-saved @ http://localhost:3000/_next/static/chunks/2ff6d_next_dist_bc817883._.js:2297
[  890703ms] [LOG] 💾 Proposal data auto-saved @ http://localhost:3000/_next/static/chunks/2ff6d_next_dist_bc817883._.js:2297
[  895701ms] [LOG] 💾 Proposal data auto-saved @ http://localhost:3000/_next/static/chunks/2ff6d_next_dist_bc817883._.js:2297
[  900702ms] [LOG] 💾 Proposal data auto-saved @ http://localhost:3000/_next/static/chunks/2ff6d_next_dist_bc817883._.js:2297
[  905701ms] [LOG] 💾 Proposal data auto-saved @ http://localhost:3000/_next/static/chunks/2ff6d_next_dist_bc817883._.js:2297
[  910702ms] [LOG] 💾 Proposal data auto-saved @ http://localhost:3000/_next/static/chunks/2ff6d_next_dist_bc817883._.js:2297
[  915702ms] [LOG] 💾 Proposal data auto-saved @ http://localhost:3000/_next/static/chunks/2ff6d_next_dist_bc817883._.js:2297
[  920701ms] [LOG] 💾 Proposal data auto-saved @ http://localhost:3000/_next/static/chunks/2ff6d_next_dist_bc817883._.js:2297
[  925701ms] [LOG] 💾 Proposal data auto-saved @ http://localhost:3000/_next/static/chunks/2ff6d_next_dist_bc817883._.js:2297
[  930701ms] [LOG] 💾 Proposal data auto-saved @ http://localhost:3000/_next/static/chunks/2ff6d_next_dist_bc817883._.js:2297
[  935702ms] [LOG] 💾 Proposal data auto-saved @ http://localhost:3000/_next/static/chunks/2ff6d_next_dist_bc817883._.js:2297
[  940701ms] [LOG] 💾 Proposal data auto-saved @ http://localhost:3000/_next/static/chunks/2ff6d_next_dist_bc817883._.js:2297
[  945701ms] [LOG] 💾 Proposal data auto-saved @ http://localhost:3000/_next/static/chunks/2ff6d_next_dist_bc817883._.js:2297
[  950701ms] [LOG] 💾 Proposal data auto-saved @ http://localhost:3000/_next/static/chunks/2ff6d_next_dist_bc817883._.js:2297
[  955702ms] [LOG] 💾 Proposal data auto-saved @ http://localhost:3000/_next/static/chunks/2ff6d_next_dist_bc817883._.js:2297
[  960701ms] [LOG] 💾 Proposal data auto-saved @ http://localhost:3000/_next/static/chunks/2ff6d_next_dist_bc817883._.js:2297
[  965702ms] [LOG] 💾 Proposal data auto-saved @ http://localhost:3000/_next/static/chunks/2ff6d_next_dist_bc817883._.js:2297
[  970702ms] [LOG] 💾 Proposal data auto-saved @ http://localhost:3000/_next/static/chunks/2ff6d_next_dist_bc817883._.js:2297
[  975702ms] [LOG] 💾 Proposal data auto-saved @ http://localhost:3000/_next/static/chunks/2ff6d_next_dist_bc817883._.js:2297
[  980701ms] [LOG] 💾 Proposal data auto-saved @ http://localhost:3000/_next/static/chunks/2ff6d_next_dist_bc817883._.js:2297
[  985702ms] [LOG] 💾 Proposal data auto-saved @ http://localhost:3000/_next/static/chunks/2ff6d_next_dist_bc817883._.js:2297
[  990701ms] [LOG] 💾 Proposal data auto-saved @ http://localhost:3000/_next/static/chunks/2ff6d_next_dist_bc817883._.js:2297
[  995702ms] [LOG] 💾 Proposal data auto-saved @ http://localhost:3000/_next/static/chunks/2ff6d_next_dist_bc817883._.js:2297
[ 1000702ms] [LOG] 💾 Proposal data auto-saved @ http://localhost:3000/_next/static/chunks/2ff6d_next_dist_bc817883._.js:2297
[ 1005703ms] [LOG] 💾 Proposal data auto-saved @ http://localhost:3000/_next/static/chunks/2ff6d_next_dist_bc817883._.js:2297
[ 1010702ms] [LOG] 💾 Proposal data auto-saved @ http://localhost:3000/_next/static/chunks/2ff6d_next_dist_bc817883._.js:2297
[ 1015701ms] [LOG] 💾 Proposal data auto-saved @ http://localhost:3000/_next/static/chunks/2ff6d_next_dist_bc817883._.js:2297
[ 1020701ms] [LOG] 💾 Proposal data auto-saved @ http://localhost:3000/_next/static/chunks/2ff6d_next_dist_bc817883._.js:2297
[ 1025701ms] [LOG] 💾 Proposal data auto-saved @ http://localhost:3000/_next/static/chunks/2ff6d_next_dist_bc817883._.js:2297
