[     232ms] [INFO] %cDownload the React DevTools for a better development experience: https://react.dev/link/react-devtools font-weight:bold @ http://localhost:3000/_next/static/chunks/2ff6d_next_dist_bc817883._.js:2297
[     270ms] [LOG] [HMR] connected @ http://localhost:3000/_next/static/chunks/2ff6d_next_dist_bc817883._.js:2297
[     351ms] [LOG] Loading saved form data... @ http://localhost:3000/_next/static/chunks/2ff6d_next_dist_bc817883._.js:2297
[     352ms] [LOG] ✅ Form data restored from localStorage @ http://localhost:3000/_next/static/chunks/2ff6d_next_dist_bc817883._.js:2297
[     352ms] [LOG] 📂 Loading saved proposal data... @ http://localhost:3000/_next/static/chunks/2ff6d_next_dist_bc817883._.js:2297
[     353ms] [LOG] ✅ Proposal data restored from localStorage @ http://localhost:3000/_next/static/chunks/2ff6d_next_dist_bc817883._.js:2297
[    5416ms] [LOG] 💾 Form data auto-saved @ http://localhost:3000/_next/static/chunks/2ff6d_next_dist_bc817883._.js:2297
[    5442ms] [LOG] 💾 Proposal data auto-saved @ http://localhost:3000/_next/static/chunks/2ff6d_next_dist_bc817883._.js:2297
[   10416ms] [LOG] 💾 Form data auto-saved @ http://localhost:3000/_next/static/chunks/2ff6d_next_dist_bc817883._.js:2297
[   10442ms] [LOG] 💾 Proposal data auto-saved @ http://localhost:3000/_next/static/chunks/2ff6d_next_dist_bc817883._.js:2297
[   15416ms] [LOG] 💾 Form data auto-saved @ http://localhost:3000/_next/static/chunks/2ff6d_next_dist_bc817883._.js:2297
[   15442ms] [LOG] 💾 Proposal data auto-saved @ http://localhost:3000/_next/static/chunks/2ff6d_next_dist_bc817883._.js:2297
[   20416ms] [LOG] 💾 Form data auto-saved @ http://localhost:3000/_next/static/chunks/2ff6d_next_dist_bc817883._.js:2297
[   20442ms] [LOG] 💾 Proposal data auto-saved @ http://localhost:3000/_next/static/chunks/2ff6d_next_dist_bc817883._.js:2297
[   25416ms] [LOG] 💾 Form data auto-saved @ http://localhost:3000/_next/static/chunks/2ff6d_next_dist_bc817883._.js:2297
[   25443ms] [LOG] 💾 Proposal data auto-saved @ http://localhost:3000/_next/static/chunks/2ff6d_next_dist_bc817883._.js:2297
[   30442ms] [LOG] 💾 Proposal data auto-saved @ http://localhost:3000/_next/static/chunks/2ff6d_next_dist_bc817883._.js:2297
[   32532ms] [LOG] 💾 Form data auto-saved @ http://localhost:3000/_next/static/chunks/2ff6d_next_dist_bc817883._.js:2297
[   35442ms] [LOG] 💾 Proposal data auto-saved @ http://localhost:3000/_next/static/chunks/2ff6d_next_dist_bc817883._.js:2297
[   37532ms] [LOG] 💾 Form data auto-saved @ http://localhost:3000/_next/static/chunks/2ff6d_next_dist_bc817883._.js:2297
[   38412ms] [LOG] [Fast Refresh] rebuilding @ http://localhost:3000/_next/static/chunks/2ff6d_next_dist_bc817883._.js:2297
[   38793ms] [LOG] [Fast Refresh] done in 481ms @ http://localhost:3000/_next/static/chunks/2ff6d_next_dist_bc817883._.js:2297
[   40442ms] [LOG] 💾 Proposal data auto-saved @ http://localhost:3000/_next/static/chunks/2ff6d_next_dist_bc817883._.js:2297
[   42993ms] [LOG] 💾 Form data auto-saved @ http://localhost:3000/_next/static/chunks/2ff6d_next_dist_bc817883._.js:2297
[   45442ms] [LOG] 💾 Proposal data auto-saved @ http://localhost:3000/_next/static/chunks/2ff6d_next_dist_bc817883._.js:2297
[   47992ms] [LOG] 💾 Form data auto-saved @ http://localhost:3000/_next/static/chunks/2ff6d_next_dist_bc817883._.js:2297
[   50443ms] [LOG] 💾 Proposal data auto-saved @ http://localhost:3000/_next/static/chunks/2ff6d_next_dist_bc817883._.js:2297
[   52992ms] [LOG] 💾 Form data auto-saved @ http://localhost:3000/_next/static/chunks/2ff6d_next_dist_bc817883._.js:2297
[   55442ms] [LOG] 💾 Proposal data auto-saved @ http://localhost:3000/_next/static/chunks/2ff6d_next_dist_bc817883._.js:2297
[   57992ms] [LOG] 💾 Form data auto-saved @ http://localhost:3000/_next/static/chunks/2ff6d_next_dist_bc817883._.js:2297
[   60443ms] [LOG] 💾 Proposal data auto-saved @ http://localhost:3000/_next/static/chunks/2ff6d_next_dist_bc817883._.js:2297
[   62992ms] [LOG] 💾 Form data auto-saved @ http://localhost:3000/_next/static/chunks/2ff6d_next_dist_bc817883._.js:2297
[   65443ms] [LOG] 💾 Proposal data auto-saved @ http://localhost:3000/_next/static/chunks/2ff6d_next_dist_bc817883._.js:2297
[   67992ms] [LOG] 💾 Form data auto-saved @ http://localhost:3000/_next/static/chunks/2ff6d_next_dist_bc817883._.js:2297
[   70442ms] [LOG] 💾 Proposal data auto-saved @ http://localhost:3000/_next/static/chunks/2ff6d_next_dist_bc817883._.js:2297
[   72993ms] [LOG] 💾 Form data auto-saved @ http://localhost:3000/_next/static/chunks/2ff6d_next_dist_bc817883._.js:2297
[   75444ms] [LOG] 💾 Proposal data auto-saved @ http://localhost:3000/_next/static/chunks/2ff6d_next_dist_bc817883._.js:2297
[   77992ms] [LOG] 💾 Form data auto-saved @ http://localhost:3000/_next/static/chunks/2ff6d_next_dist_bc817883._.js:2297
[   80442ms] [LOG] 💾 Proposal data auto-saved @ http://localhost:3000/_next/static/chunks/2ff6d_next_dist_bc817883._.js:2297
[   82992ms] [LOG] 💾 Form data auto-saved @ http://localhost:3000/_next/static/chunks/2ff6d_next_dist_bc817883._.js:2297
[   85442ms] [LOG] 💾 Proposal data auto-saved @ http://localhost:3000/_next/static/chunks/2ff6d_next_dist_bc817883._.js:2297
[   87992ms] [LOG] 💾 Form data auto-saved @ http://localhost:3000/_next/static/chunks/2ff6d_next_dist_bc817883._.js:2297
[   90442ms] [LOG] 💾 Proposal data auto-saved @ http://localhost:3000/_next/static/chunks/2ff6d_next_dist_bc817883._.js:2297
[   92992ms] [LOG] 💾 Form data auto-saved @ http://localhost:3000/_next/static/chunks/2ff6d_next_dist_bc817883._.js:2297
[   95443ms] [LOG] 💾 Proposal data auto-saved @ http://localhost:3000/_next/static/chunks/2ff6d_next_dist_bc817883._.js:2297
[   97992ms] [LOG] 💾 Form data auto-saved @ http://localhost:3000/_next/static/chunks/2ff6d_next_dist_bc817883._.js:2297
[  100443ms] [LOG] 💾 Proposal data auto-saved @ http://localhost:3000/_next/static/chunks/2ff6d_next_dist_bc817883._.js:2297
[  102992ms] [LOG] 💾 Form data auto-saved @ http://localhost:3000/_next/static/chunks/2ff6d_next_dist_bc817883._.js:2297
[  105442ms] [LOG] 💾 Proposal data auto-saved @ http://localhost:3000/_next/static/chunks/2ff6d_next_dist_bc817883._.js:2297
[  107992ms] [LOG] 💾 Form data auto-saved @ http://localhost:3000/_next/static/chunks/2ff6d_next_dist_bc817883._.js:2297
[  110442ms] [LOG] 💾 Proposal data auto-saved @ http://localhost:3000/_next/static/chunks/2ff6d_next_dist_bc817883._.js:2297
[  112992ms] [LOG] 💾 Form data auto-saved @ http://localhost:3000/_next/static/chunks/2ff6d_next_dist_bc817883._.js:2297
[  115442ms] [LOG] 💾 Proposal data auto-saved @ http://localhost:3000/_next/static/chunks/2ff6d_next_dist_bc817883._.js:2297
[  117992ms] [LOG] 💾 Form data auto-saved @ http://localhost:3000/_next/static/chunks/2ff6d_next_dist_bc817883._.js:2297
[  120443ms] [LOG] 💾 Proposal data auto-saved @ http://localhost:3000/_next/static/chunks/2ff6d_next_dist_bc817883._.js:2297
[  122993ms] [LOG] 💾 Form data auto-saved @ http://localhost:3000/_next/static/chunks/2ff6d_next_dist_bc817883._.js:2297
[  125444ms] [LOG] 💾 Proposal data auto-saved @ http://localhost:3000/_next/static/chunks/2ff6d_next_dist_bc817883._.js:2297
[  127992ms] [LOG] 💾 Form data auto-saved @ http://localhost:3000/_next/static/chunks/2ff6d_next_dist_bc817883._.js:2297
[  130442ms] [LOG] 💾 Proposal data auto-saved @ http://localhost:3000/_next/static/chunks/2ff6d_next_dist_bc817883._.js:2297
[  132992ms] [LOG] 💾 Form data auto-saved @ http://localhost:3000/_next/static/chunks/2ff6d_next_dist_bc817883._.js:2297
[  135442ms] [LOG] 💾 Proposal data auto-saved @ http://localhost:3000/_next/static/chunks/2ff6d_next_dist_bc817883._.js:2297
[  137992ms] [LOG] 💾 Form data auto-saved @ http://localhost:3000/_next/static/chunks/2ff6d_next_dist_bc817883._.js:2297
[  140442ms] [LOG] 💾 Proposal data auto-saved @ http://localhost:3000/_next/static/chunks/2ff6d_next_dist_bc817883._.js:2297
[  142992ms] [LOG] 💾 Form data auto-saved @ http://localhost:3000/_next/static/chunks/2ff6d_next_dist_bc817883._.js:2297
[  145443ms] [LOG] 💾 Proposal data auto-saved @ http://localhost:3000/_next/static/chunks/2ff6d_next_dist_bc817883._.js:2297
[  147992ms] [LOG] 💾 Form data auto-saved @ http://localhost:3000/_next/static/chunks/2ff6d_next_dist_bc817883._.js:2297
[  150443ms] [LOG] 💾 Proposal data auto-saved @ http://localhost:3000/_next/static/chunks/2ff6d_next_dist_bc817883._.js:2297
[  152992ms] [LOG] 💾 Form data auto-saved @ http://localhost:3000/_next/static/chunks/2ff6d_next_dist_bc817883._.js:2297
[  155442ms] [LOG] 💾 Proposal data auto-saved @ http://localhost:3000/_next/static/chunks/2ff6d_next_dist_bc817883._.js:2297
[  157992ms] [LOG] 💾 Form data auto-saved @ http://localhost:3000/_next/static/chunks/2ff6d_next_dist_bc817883._.js:2297
[  160442ms] [LOG] 💾 Proposal data auto-saved @ http://localhost:3000/_next/static/chunks/2ff6d_next_dist_bc817883._.js:2297
[  164745ms] [LOG] 💾 Form data auto-saved @ http://localhost:3000/_next/static/chunks/2ff6d_next_dist_bc817883._.js:2297
[  165443ms] [LOG] 💾 Proposal data auto-saved @ http://localhost:3000/_next/static/chunks/2ff6d_next_dist_bc817883._.js:2297
[  169745ms] [LOG] 💾 Form data auto-saved @ http://localhost:3000/_next/static/chunks/2ff6d_next_dist_bc817883._.js:2297
[  170442ms] [LOG] 💾 Proposal data auto-saved @ http://localhost:3000/_next/static/chunks/2ff6d_next_dist_bc817883._.js:2297
[  174745ms] [LOG] 💾 Form data auto-saved @ http://localhost:3000/_next/static/chunks/2ff6d_next_dist_bc817883._.js:2297
[  175442ms] [LOG] 💾 Proposal data auto-saved @ http://localhost:3000/_next/static/chunks/2ff6d_next_dist_bc817883._.js:2297
[  179745ms] [LOG] 💾 Form data auto-saved @ http://localhost:3000/_next/static/chunks/2ff6d_next_dist_bc817883._.js:2297
[  180442ms] [LOG] 💾 Proposal data auto-saved @ http://localhost:3000/_next/static/chunks/2ff6d_next_dist_bc817883._.js:2297
[  184746ms] [LOG] 💾 Form data auto-saved @ http://localhost:3000/_next/static/chunks/2ff6d_next_dist_bc817883._.js:2297
[  185442ms] [LOG] 💾 Proposal data auto-saved @ http://localhost:3000/_next/static/chunks/2ff6d_next_dist_bc817883._.js:2297
[  189746ms] [LOG] 💾 Form data auto-saved @ http://localhost:3000/_next/static/chunks/2ff6d_next_dist_bc817883._.js:2297
[  190442ms] [LOG] 💾 Proposal data auto-saved @ http://localhost:3000/_next/static/chunks/2ff6d_next_dist_bc817883._.js:2297
[  194745ms] [LOG] 💾 Form data auto-saved @ http://localhost:3000/_next/static/chunks/2ff6d_next_dist_bc817883._.js:2297
[  195442ms] [LOG] 💾 Proposal data auto-saved @ http://localhost:3000/_next/static/chunks/2ff6d_next_dist_bc817883._.js:2297
[  199745ms] [LOG] 💾 Form data auto-saved @ http://localhost:3000/_next/static/chunks/2ff6d_next_dist_bc817883._.js:2297
[  200442ms] [LOG] 💾 Proposal data auto-saved @ http://localhost:3000/_next/static/chunks/2ff6d_next_dist_bc817883._.js:2297
[  204745ms] [LOG] 💾 Form data auto-saved @ http://localhost:3000/_next/static/chunks/2ff6d_next_dist_bc817883._.js:2297
[  205442ms] [LOG] 💾 Proposal data auto-saved @ http://localhost:3000/_next/static/chunks/2ff6d_next_dist_bc817883._.js:2297
[  210442ms] [LOG] 💾 Proposal data auto-saved @ http://localhost:3000/_next/static/chunks/2ff6d_next_dist_bc817883._.js:2297
[  210992ms] [LOG] 💾 Form data auto-saved @ http://localhost:3000/_next/static/chunks/2ff6d_next_dist_bc817883._.js:2297
[  215443ms] [LOG] 💾 Proposal data auto-saved @ http://localhost:3000/_next/static/chunks/2ff6d_next_dist_bc817883._.js:2297
[  219917ms] [LOG] 💾 Form data auto-saved @ http://localhost:3000/_next/static/chunks/2ff6d_next_dist_bc817883._.js:2297
[  220442ms] [LOG] 💾 Proposal data auto-saved @ http://localhost:3000/_next/static/chunks/2ff6d_next_dist_bc817883._.js:2297
[  225442ms] [LOG] 💾 Proposal data auto-saved @ http://localhost:3000/_next/static/chunks/2ff6d_next_dist_bc817883._.js:2297
[  229467ms] [LOG] 💾 Form data auto-saved @ http://localhost:3000/_next/static/chunks/2ff6d_next_dist_bc817883._.js:2297
[  230442ms] [LOG] 💾 Proposal data auto-saved @ http://localhost:3000/_next/static/chunks/2ff6d_next_dist_bc817883._.js:2297
[  234467ms] [LOG] 💾 Form data auto-saved @ http://localhost:3000/_next/static/chunks/2ff6d_next_dist_bc817883._.js:2297
[  235442ms] [LOG] 💾 Proposal data auto-saved @ http://localhost:3000/_next/static/chunks/2ff6d_next_dist_bc817883._.js:2297
[  239467ms] [LOG] 💾 Form data auto-saved @ http://localhost:3000/_next/static/chunks/2ff6d_next_dist_bc817883._.js:2297
[  240442ms] [LOG] 💾 Proposal data auto-saved @ http://localhost:3000/_next/static/chunks/2ff6d_next_dist_bc817883._.js:2297
[  244467ms] [LOG] 💾 Form data auto-saved @ http://localhost:3000/_next/static/chunks/2ff6d_next_dist_bc817883._.js:2297
[  245442ms] [LOG] 💾 Proposal data auto-saved @ http://localhost:3000/_next/static/chunks/2ff6d_next_dist_bc817883._.js:2297
[  249467ms] [LOG] 💾 Form data auto-saved @ http://localhost:3000/_next/static/chunks/2ff6d_next_dist_bc817883._.js:2297
[  250443ms] [LOG] 💾 Proposal data auto-saved @ http://localhost:3000/_next/static/chunks/2ff6d_next_dist_bc817883._.js:2297
[  254467ms] [LOG] 💾 Form data auto-saved @ http://localhost:3000/_next/static/chunks/2ff6d_next_dist_bc817883._.js:2297
[  255442ms] [LOG] 💾 Proposal data auto-saved @ http://localhost:3000/_next/static/chunks/2ff6d_next_dist_bc817883._.js:2297
[  259467ms] [LOG] 💾 Form data auto-saved @ http://localhost:3000/_next/static/chunks/2ff6d_next_dist_bc817883._.js:2297
[  260442ms] [LOG] 💾 Proposal data auto-saved @ http://localhost:3000/_next/static/chunks/2ff6d_next_dist_bc817883._.js:2297
[  265442ms] [LOG] 💾 Proposal data auto-saved @ http://localhost:3000/_next/static/chunks/2ff6d_next_dist_bc817883._.js:2297
[  270205ms] [LOG] 💾 Form data auto-saved @ http://localhost:3000/_next/static/chunks/2ff6d_next_dist_bc817883._.js:2297
[  270442ms] [LOG] 💾 Proposal data auto-saved @ http://localhost:3000/_next/static/chunks/2ff6d_next_dist_bc817883._.js:2297
[  275193ms] [LOG] 💾 Form data auto-saved @ http://localhost:3000/_next/static/chunks/2ff6d_next_dist_bc817883._.js:2297
[  275442ms] [LOG] 💾 Proposal data auto-saved @ http://localhost:3000/_next/static/chunks/2ff6d_next_dist_bc817883._.js:2297
[  280193ms] [LOG] 💾 Form data auto-saved @ http://localhost:3000/_next/static/chunks/2ff6d_next_dist_bc817883._.js:2297
[  280442ms] [LOG] 💾 Proposal data auto-saved @ http://localhost:3000/_next/static/chunks/2ff6d_next_dist_bc817883._.js:2297
[  285193ms] [LOG] 💾 Form data auto-saved @ http://localhost:3000/_next/static/chunks/2ff6d_next_dist_bc817883._.js:2297
[  285442ms] [LOG] 💾 Proposal data auto-saved @ http://localhost:3000/_next/static/chunks/2ff6d_next_dist_bc817883._.js:2297
[  290193ms] [LOG] 💾 Form data auto-saved @ http://localhost:3000/_next/static/chunks/2ff6d_next_dist_bc817883._.js:2297
[  290442ms] [LOG] 💾 Proposal data auto-saved @ http://localhost:3000/_next/static/chunks/2ff6d_next_dist_bc817883._.js:2297
[  295193ms] [LOG] 💾 Form data auto-saved @ http://localhost:3000/_next/static/chunks/2ff6d_next_dist_bc817883._.js:2297
[  295442ms] [LOG] 💾 Proposal data auto-saved @ http://localhost:3000/_next/static/chunks/2ff6d_next_dist_bc817883._.js:2297
[  300193ms] [LOG] 💾 Form data auto-saved @ http://localhost:3000/_next/static/chunks/2ff6d_next_dist_bc817883._.js:2297
[  300442ms] [LOG] 💾 Proposal data auto-saved @ http://localhost:3000/_next/static/chunks/2ff6d_next_dist_bc817883._.js:2297
[  305193ms] [LOG] 💾 Form data auto-saved @ http://localhost:3000/_next/static/chunks/2ff6d_next_dist_bc817883._.js:2297
[  305442ms] [LOG] 💾 Proposal data auto-saved @ http://localhost:3000/_next/static/chunks/2ff6d_next_dist_bc817883._.js:2297
[  310442ms] [LOG] 💾 Proposal data auto-saved @ http://localhost:3000/_next/static/chunks/2ff6d_next_dist_bc817883._.js:2297
[  313088ms] [LOG] 💾 Form data auto-saved @ http://localhost:3000/_next/static/chunks/2ff6d_next_dist_bc817883._.js:2297
[  315442ms] [LOG] 💾 Proposal data auto-saved @ http://localhost:3000/_next/static/chunks/2ff6d_next_dist_bc817883._.js:2297
[  318088ms] [LOG] 💾 Form data auto-saved @ http://localhost:3000/_next/static/chunks/2ff6d_next_dist_bc817883._.js:2297
[  320442ms] [LOG] 💾 Proposal data auto-saved @ http://localhost:3000/_next/static/chunks/2ff6d_next_dist_bc817883._.js:2297
[  324792ms] [LOG] 💾 Form data auto-saved @ http://localhost:3000/_next/static/chunks/2ff6d_next_dist_bc817883._.js:2297
[  325442ms] [LOG] 💾 Proposal data auto-saved @ http://localhost:3000/_next/static/chunks/2ff6d_next_dist_bc817883._.js:2297
[  329792ms] [LOG] 💾 Form data auto-saved @ http://localhost:3000/_next/static/chunks/2ff6d_next_dist_bc817883._.js:2297
[  330472ms] [LOG] 💾 Proposal data auto-saved @ http://localhost:3000/_next/static/chunks/2ff6d_next_dist_bc817883._.js:2297
[  335430ms] [LOG] 💾 Form data auto-saved @ http://localhost:3000/_next/static/chunks/2ff6d_next_dist_bc817883._.js:2297
[  335450ms] [LOG] 💾 Proposal data auto-saved @ http://localhost:3000/_next/static/chunks/2ff6d_next_dist_bc817883._.js:2297
[  340442ms] [LOG] 💾 Proposal data auto-saved @ http://localhost:3000/_next/static/chunks/2ff6d_next_dist_bc817883._.js:2297
[  344469ms] [LOG] 💾 Form data auto-saved @ http://localhost:3000/_next/static/chunks/2ff6d_next_dist_bc817883._.js:2297
[  345442ms] [LOG] 💾 Proposal data auto-saved @ http://localhost:3000/_next/static/chunks/2ff6d_next_dist_bc817883._.js:2297
[  349085ms] [LOG] [Fast Refresh] rebuilding @ http://localhost:3000/_next/static/chunks/2ff6d_next_dist_bc817883._.js:2297
[  349208ms] [LOG] [Fast Refresh] done in 223ms @ http://localhost:3000/_next/static/chunks/2ff6d_next_dist_bc817883._.js:2297
[  354373ms] [LOG] 💾 Proposal data auto-saved @ http://localhost:3000/_next/static/chunks/2ff6d_next_dist_bc817883._.js:2297
[  359373ms] [LOG] 💾 Proposal data auto-saved @ http://localhost:3000/_next/static/chunks/2ff6d_next_dist_bc817883._.js:2297
[  364374ms] [LOG] 💾 Proposal data auto-saved @ http://localhost:3000/_next/static/chunks/2ff6d_next_dist_bc817883._.js:2297
[  369330ms] [LOG] [Fast Refresh] rebuilding @ http://localhost:3000/_next/static/chunks/2ff6d_next_dist_bc817883._.js:2297
[  369374ms] [LOG] 💾 Proposal data auto-saved @ http://localhost:3000/_next/static/chunks/2ff6d_next_dist_bc817883._.js:2297
[  369459ms] [LOG] [Fast Refresh] done in 229ms @ http://localhost:3000/_next/static/chunks/2ff6d_next_dist_bc817883._.js:2297
[  374373ms] [LOG] 💾 Proposal data auto-saved @ http://localhost:3000/_next/static/chunks/2ff6d_next_dist_bc817883._.js:2297
[  380099ms] [LOG] 💾 Proposal data auto-saved @ http://localhost:3000/_next/static/chunks/2ff6d_next_dist_bc817883._.js:2297
[  384373ms] [LOG] 💾 Proposal data auto-saved @ http://localhost:3000/_next/static/chunks/2ff6d_next_dist_bc817883._.js:2297
[  389373ms] [LOG] 💾 Proposal data auto-saved @ http://localhost:3000/_next/static/chunks/2ff6d_next_dist_bc817883._.js:2297
[  394373ms] [LOG] 💾 Proposal data auto-saved @ http://localhost:3000/_next/static/chunks/2ff6d_next_dist_bc817883._.js:2297
[  399373ms] [LOG] 💾 Proposal data auto-saved @ http://localhost:3000/_next/static/chunks/2ff6d_next_dist_bc817883._.js:2297
[  404373ms] [LOG] 💾 Proposal data auto-saved @ http://localhost:3000/_next/static/chunks/2ff6d_next_dist_bc817883._.js:2297
[  409373ms] [LOG] 💾 Proposal data auto-saved @ http://localhost:3000/_next/static/chunks/2ff6d_next_dist_bc817883._.js:2297
[  414373ms] [LOG] 💾 Proposal data auto-saved @ http://localhost:3000/_next/static/chunks/2ff6d_next_dist_bc817883._.js:2297
[  419373ms] [LOG] 💾 Proposal data auto-saved @ http://localhost:3000/_next/static/chunks/2ff6d_next_dist_bc817883._.js:2297
