[     126ms] [LOG] [Fast Refresh] rebuilding @ http://localhost:3000/_next/static/chunks/2ff6d_next_dist_bc817883._.js:2297
[     143ms] [LOG] [Fast Refresh] done in 117ms @ http://localhost:3000/_next/static/chunks/2ff6d_next_dist_bc817883._.js:2297
[     657ms] [INFO] %cDownload the React DevTools for a better development experience: https://react.dev/link/react-devtools font-weight:bold @ http://localhost:3000/_next/static/chunks/2ff6d_next_dist_bc817883._.js:2297
[     756ms] [LOG] [HMR] connected @ http://localhost:3000/_next/static/chunks/2ff6d_next_dist_bc817883._.js:2297
[     867ms] [LOG] 📂 Loading saved proposal data... @ http://localhost:3000/_next/static/chunks/2ff6d_next_dist_bc817883._.js:2297
[     870ms] [LOG] ✅ Proposal data restored from localStorage @ http://localhost:3000/_next/static/chunks/2ff6d_next_dist_bc817883._.js:2297
[    1429ms] [LOG] [Fast Refresh] rebuilding @ http://localhost:3000/_next/static/chunks/2ff6d_next_dist_bc817883._.js:2297
[    1433ms] [LOG] [Fast Refresh] done in 104ms @ http://localhost:3000/_next/static/chunks/2ff6d_next_dist_bc817883._.js:2297
[    6246ms] [LOG] 💾 Proposal data auto-saved @ http://localhost:3000/_next/static/chunks/2ff6d_next_dist_bc817883._.js:2297
[   11245ms] [LOG] 💾 Proposal data auto-saved @ http://localhost:3000/_next/static/chunks/2ff6d_next_dist_bc817883._.js:2297
[   16245ms] [LOG] 💾 Proposal data auto-saved @ http://localhost:3000/_next/static/chunks/2ff6d_next_dist_bc817883._.js:2297
[   21246ms] [LOG] 💾 Proposal data auto-saved @ http://localhost:3000/_next/static/chunks/2ff6d_next_dist_bc817883._.js:2297
[   26245ms] [LOG] 💾 Proposal data auto-saved @ http://localhost:3000/_next/static/chunks/2ff6d_next_dist_bc817883._.js:2297
[   31245ms] [LOG] 💾 Proposal data auto-saved @ http://localhost:3000/_next/static/chunks/2ff6d_next_dist_bc817883._.js:2297
[   36246ms] [LOG] 💾 Proposal data auto-saved @ http://localhost:3000/_next/static/chunks/2ff6d_next_dist_bc817883._.js:2297
[   41246ms] [LOG] 💾 Proposal data auto-saved @ http://localhost:3000/_next/static/chunks/2ff6d_next_dist_bc817883._.js:2297
[   46245ms] [LOG] 💾 Proposal data auto-saved @ http://localhost:3000/_next/static/chunks/2ff6d_next_dist_bc817883._.js:2297
[   56132ms] [LOG] 💾 Proposal data auto-saved @ http://localhost:3000/_next/static/chunks/2ff6d_next_dist_bc817883._.js:2297
[   61132ms] [LOG] 💾 Proposal data auto-saved @ http://localhost:3000/_next/static/chunks/2ff6d_next_dist_bc817883._.js:2297
[   66132ms] [LOG] 💾 Proposal data auto-saved @ http://localhost:3000/_next/static/chunks/2ff6d_next_dist_bc817883._.js:2297
[   71132ms] [LOG] 💾 Proposal data auto-saved @ http://localhost:3000/_next/static/chunks/2ff6d_next_dist_bc817883._.js:2297
[   76132ms] [LOG] 💾 Proposal data auto-saved @ http://localhost:3000/_next/static/chunks/2ff6d_next_dist_bc817883._.js:2297
[   81132ms] [LOG] 💾 Proposal data auto-saved @ http://localhost:3000/_next/static/chunks/2ff6d_next_dist_bc817883._.js:2297
[   86132ms] [LOG] 💾 Proposal data auto-saved @ http://localhost:3000/_next/static/chunks/2ff6d_next_dist_bc817883._.js:2297
[   91132ms] [LOG] 💾 Proposal data auto-saved @ http://localhost:3000/_next/static/chunks/2ff6d_next_dist_bc817883._.js:2297
[   96132ms] [LOG] 💾 Proposal data auto-saved @ http://localhost:3000/_next/static/chunks/2ff6d_next_dist_bc817883._.js:2297
[  101132ms] [LOG] 💾 Proposal data auto-saved @ http://localhost:3000/_next/static/chunks/2ff6d_next_dist_bc817883._.js:2297
[  106132ms] [LOG] 💾 Proposal data auto-saved @ http://localhost:3000/_next/static/chunks/2ff6d_next_dist_bc817883._.js:2297
[  111132ms] [LOG] 💾 Proposal data auto-saved @ http://localhost:3000/_next/static/chunks/2ff6d_next_dist_bc817883._.js:2297
[  116132ms] [LOG] 💾 Proposal data auto-saved @ http://localhost:3000/_next/static/chunks/2ff6d_next_dist_bc817883._.js:2297
[  121132ms] [LOG] 💾 Proposal data auto-saved @ http://localhost:3000/_next/static/chunks/2ff6d_next_dist_bc817883._.js:2297
[  129281ms] [LOG] 💾 Proposal data auto-saved @ http://localhost:3000/_next/static/chunks/2ff6d_next_dist_bc817883._.js:2297
[  141843ms] [LOG] 💾 Proposal data auto-saved @ http://localhost:3000/_next/static/chunks/2ff6d_next_dist_bc817883._.js:2297
