[     292ms] [INFO] %cDownload the React DevTools for a better development experience: https://react.dev/link/react-devtools font-weight:bold @ http://localhost:3000/_next/static/chunks/2ff6d_next_dist_bc817883._.js:2297
[     339ms] [LOG] [HMR] connected @ http://localhost:3000/_next/static/chunks/2ff6d_next_dist_bc817883._.js:2297
[     377ms] [LOG] 📂 Loading saved proposal data... @ http://localhost:3000/_next/static/chunks/2ff6d_next_dist_bc817883._.js:2297
[     378ms] [LOG] ✅ Proposal data restored from localStorage @ http://localhost:3000/_next/static/chunks/2ff6d_next_dist_bc817883._.js:2297
[    5568ms] [LOG] 💾 Proposal data auto-saved @ http://localhost:3000/_next/static/chunks/2ff6d_next_dist_bc817883._.js:2297
[   10567ms] [LOG] 💾 Proposal data auto-saved @ http://localhost:3000/_next/static/chunks/2ff6d_next_dist_bc817883._.js:2297
[   15568ms] [LOG] 💾 Proposal data auto-saved @ http://localhost:3000/_next/static/chunks/2ff6d_next_dist_bc817883._.js:2297
[   20568ms] [LOG] 💾 Proposal data auto-saved @ http://localhost:3000/_next/static/chunks/2ff6d_next_dist_bc817883._.js:2297
[   25567ms] [LOG] 💾 Proposal data auto-saved @ http://localhost:3000/_next/static/chunks/2ff6d_next_dist_bc817883._.js:2297
[   30567ms] [LOG] 💾 Proposal data auto-saved @ http://localhost:3000/_next/static/chunks/2ff6d_next_dist_bc817883._.js:2297
[   35568ms] [LOG] 💾 Proposal data auto-saved @ http://localhost:3000/_next/static/chunks/2ff6d_next_dist_bc817883._.js:2297
[   40567ms] [LOG] 💾 Proposal data auto-saved @ http://localhost:3000/_next/static/chunks/2ff6d_next_dist_bc817883._.js:2297
[   45568ms] [LOG] 💾 Proposal data auto-saved @ http://localhost:3000/_next/static/chunks/2ff6d_next_dist_bc817883._.js:2297
[   50568ms] [LOG] 💾 Proposal data auto-saved @ http://localhost:3000/_next/static/chunks/2ff6d_next_dist_bc817883._.js:2297
[   55567ms] [LOG] 💾 Proposal data auto-saved @ http://localhost:3000/_next/static/chunks/2ff6d_next_dist_bc817883._.js:2297
[   60567ms] [LOG] 💾 Proposal data auto-saved @ http://localhost:3000/_next/static/chunks/2ff6d_next_dist_bc817883._.js:2297
[   65567ms] [LOG] 💾 Proposal data auto-saved @ http://localhost:3000/_next/static/chunks/2ff6d_next_dist_bc817883._.js:2297
[   70568ms] [LOG] 💾 Proposal data auto-saved @ http://localhost:3000/_next/static/chunks/2ff6d_next_dist_bc817883._.js:2297
[   75568ms] [LOG] 💾 Proposal data auto-saved @ http://localhost:3000/_next/static/chunks/2ff6d_next_dist_bc817883._.js:2297
[   80567ms] [LOG] 💾 Proposal data auto-saved @ http://localhost:3000/_next/static/chunks/2ff6d_next_dist_bc817883._.js:2297
[   85568ms] [LOG] 💾 Proposal data auto-saved @ http://localhost:3000/_next/static/chunks/2ff6d_next_dist_bc817883._.js:2297
[   90568ms] [LOG] 💾 Proposal data auto-saved @ http://localhost:3000/_next/static/chunks/2ff6d_next_dist_bc817883._.js:2297
[   95569ms] [LOG] 💾 Proposal data auto-saved @ http://localhost:3000/_next/static/chunks/2ff6d_next_dist_bc817883._.js:2297
[  100568ms] [LOG] 💾 Proposal data auto-saved @ http://localhost:3000/_next/static/chunks/2ff6d_next_dist_bc817883._.js:2297
[  105567ms] [LOG] 💾 Proposal data auto-saved @ http://localhost:3000/_next/static/chunks/2ff6d_next_dist_bc817883._.js:2297
[  110567ms] [LOG] 💾 Proposal data auto-saved @ http://localhost:3000/_next/static/chunks/2ff6d_next_dist_bc817883._.js:2297
[  115568ms] [LOG] 💾 Proposal data auto-saved @ http://localhost:3000/_next/static/chunks/2ff6d_next_dist_bc817883._.js:2297
[  120568ms] [LOG] 💾 Proposal data auto-saved @ http://localhost:3000/_next/static/chunks/2ff6d_next_dist_bc817883._.js:2297
[  125568ms] [LOG] 💾 Proposal data auto-saved @ http://localhost:3000/_next/static/chunks/2ff6d_next_dist_bc817883._.js:2297
[  130568ms] [LOG] 💾 Proposal data auto-saved @ http://localhost:3000/_next/static/chunks/2ff6d_next_dist_bc817883._.js:2297
[  135567ms] [LOG] 💾 Proposal data auto-saved @ http://localhost:3000/_next/static/chunks/2ff6d_next_dist_bc817883._.js:2297
[  140567ms] [LOG] 💾 Proposal data auto-saved @ http://localhost:3000/_next/static/chunks/2ff6d_next_dist_bc817883._.js:2297
[  145568ms] [LOG] 💾 Proposal data auto-saved @ http://localhost:3000/_next/static/chunks/2ff6d_next_dist_bc817883._.js:2297
[  150567ms] [LOG] 💾 Proposal data auto-saved @ http://localhost:3000/_next/static/chunks/2ff6d_next_dist_bc817883._.js:2297
[  155567ms] [LOG] 💾 Proposal data auto-saved @ http://localhost:3000/_next/static/chunks/2ff6d_next_dist_bc817883._.js:2297
[  160567ms] [LOG] 💾 Proposal data auto-saved @ http://localhost:3000/_next/static/chunks/2ff6d_next_dist_bc817883._.js:2297
[  165567ms] [LOG] 💾 Proposal data auto-saved @ http://localhost:3000/_next/static/chunks/2ff6d_next_dist_bc817883._.js:2297
[  170567ms] [LOG] 💾 Proposal data auto-saved @ http://localhost:3000/_next/static/chunks/2ff6d_next_dist_bc817883._.js:2297
[  175568ms] [LOG] 💾 Proposal data auto-saved @ http://localhost:3000/_next/static/chunks/2ff6d_next_dist_bc817883._.js:2297
[  180568ms] [LOG] 💾 Proposal data auto-saved @ http://localhost:3000/_next/static/chunks/2ff6d_next_dist_bc817883._.js:2297
[  185568ms] [LOG] 💾 Proposal data auto-saved @ http://localhost:3000/_next/static/chunks/2ff6d_next_dist_bc817883._.js:2297
[  190567ms] [LOG] 💾 Proposal data auto-saved @ http://localhost:3000/_next/static/chunks/2ff6d_next_dist_bc817883._.js:2297
[  195567ms] [LOG] 💾 Proposal data auto-saved @ http://localhost:3000/_next/static/chunks/2ff6d_next_dist_bc817883._.js:2297
[  200568ms] [LOG] 💾 Proposal data auto-saved @ http://localhost:3000/_next/static/chunks/2ff6d_next_dist_bc817883._.js:2297
[  205568ms] [LOG] 💾 Proposal data auto-saved @ http://localhost:3000/_next/static/chunks/2ff6d_next_dist_bc817883._.js:2297
[  210568ms] [LOG] 💾 Proposal data auto-saved @ http://localhost:3000/_next/static/chunks/2ff6d_next_dist_bc817883._.js:2297
[  215568ms] [LOG] 💾 Proposal data auto-saved @ http://localhost:3000/_next/static/chunks/2ff6d_next_dist_bc817883._.js:2297
[  220567ms] [LOG] 💾 Proposal data auto-saved @ http://localhost:3000/_next/static/chunks/2ff6d_next_dist_bc817883._.js:2297
[  225567ms] [LOG] 💾 Proposal data auto-saved @ http://localhost:3000/_next/static/chunks/2ff6d_next_dist_bc817883._.js:2297
[  230567ms] [LOG] 💾 Proposal data auto-saved @ http://localhost:3000/_next/static/chunks/2ff6d_next_dist_bc817883._.js:2297
[  235568ms] [LOG] 💾 Proposal data auto-saved @ http://localhost:3000/_next/static/chunks/2ff6d_next_dist_bc817883._.js:2297
[  240568ms] [LOG] 💾 Proposal data auto-saved @ http://localhost:3000/_next/static/chunks/2ff6d_next_dist_bc817883._.js:2297
[  245568ms] [LOG] 💾 Proposal data auto-saved @ http://localhost:3000/_next/static/chunks/2ff6d_next_dist_bc817883._.js:2297
[  250568ms] [LOG] 💾 Proposal data auto-saved @ http://localhost:3000/_next/static/chunks/2ff6d_next_dist_bc817883._.js:2297
[  255569ms] [LOG] 💾 Proposal data auto-saved @ http://localhost:3000/_next/static/chunks/2ff6d_next_dist_bc817883._.js:2297
[  260568ms] [LOG] 💾 Proposal data auto-saved @ http://localhost:3000/_next/static/chunks/2ff6d_next_dist_bc817883._.js:2297
[  265568ms] [LOG] 💾 Proposal data auto-saved @ http://localhost:3000/_next/static/chunks/2ff6d_next_dist_bc817883._.js:2297
[  270568ms] [LOG] 💾 Proposal data auto-saved @ http://localhost:3000/_next/static/chunks/2ff6d_next_dist_bc817883._.js:2297
[  275568ms] [LOG] 💾 Proposal data auto-saved @ http://localhost:3000/_next/static/chunks/2ff6d_next_dist_bc817883._.js:2297
[  280568ms] [LOG] 💾 Proposal data auto-saved @ http://localhost:3000/_next/static/chunks/2ff6d_next_dist_bc817883._.js:2297
[  285568ms] [LOG] 💾 Proposal data auto-saved @ http://localhost:3000/_next/static/chunks/2ff6d_next_dist_bc817883._.js:2297
[  290568ms] [LOG] 💾 Proposal data auto-saved @ http://localhost:3000/_next/static/chunks/2ff6d_next_dist_bc817883._.js:2297
[  295568ms] [LOG] 💾 Proposal data auto-saved @ http://localhost:3000/_next/static/chunks/2ff6d_next_dist_bc817883._.js:2297
[  300568ms] [LOG] 💾 Proposal data auto-saved @ http://localhost:3000/_next/static/chunks/2ff6d_next_dist_bc817883._.js:2297
[  305568ms] [LOG] 💾 Proposal data auto-saved @ http://localhost:3000/_next/static/chunks/2ff6d_next_dist_bc817883._.js:2297
[  310569ms] [LOG] 💾 Proposal data auto-saved @ http://localhost:3000/_next/static/chunks/2ff6d_next_dist_bc817883._.js:2297
[  315568ms] [LOG] 💾 Proposal data auto-saved @ http://localhost:3000/_next/static/chunks/2ff6d_next_dist_bc817883._.js:2297
[  320568ms] [LOG] 💾 Proposal data auto-saved @ http://localhost:3000/_next/static/chunks/2ff6d_next_dist_bc817883._.js:2297
[  325568ms] [LOG] 💾 Proposal data auto-saved @ http://localhost:3000/_next/static/chunks/2ff6d_next_dist_bc817883._.js:2297
[  330568ms] [LOG] 💾 Proposal data auto-saved @ http://localhost:3000/_next/static/chunks/2ff6d_next_dist_bc817883._.js:2297
[  335569ms] [LOG] 💾 Proposal data auto-saved @ http://localhost:3000/_next/static/chunks/2ff6d_next_dist_bc817883._.js:2297
[  340568ms] [LOG] 💾 Proposal data auto-saved @ http://localhost:3000/_next/static/chunks/2ff6d_next_dist_bc817883._.js:2297
[  345568ms] [LOG] 💾 Proposal data auto-saved @ http://localhost:3000/_next/static/chunks/2ff6d_next_dist_bc817883._.js:2297
[  350568ms] [LOG] 💾 Proposal data auto-saved @ http://localhost:3000/_next/static/chunks/2ff6d_next_dist_bc817883._.js:2297
[  355568ms] [LOG] 💾 Proposal data auto-saved @ http://localhost:3000/_next/static/chunks/2ff6d_next_dist_bc817883._.js:2297
[  360568ms] [LOG] 💾 Proposal data auto-saved @ http://localhost:3000/_next/static/chunks/2ff6d_next_dist_bc817883._.js:2297
[  365568ms] [LOG] 💾 Proposal data auto-saved @ http://localhost:3000/_next/static/chunks/2ff6d_next_dist_bc817883._.js:2297
[  370568ms] [LOG] 💾 Proposal data auto-saved @ http://localhost:3000/_next/static/chunks/2ff6d_next_dist_bc817883._.js:2297
[  375568ms] [LOG] 💾 Proposal data auto-saved @ http://localhost:3000/_next/static/chunks/2ff6d_next_dist_bc817883._.js:2297
[  380568ms] [LOG] 💾 Proposal data auto-saved @ http://localhost:3000/_next/static/chunks/2ff6d_next_dist_bc817883._.js:2297
[  385568ms] [LOG] 💾 Proposal data auto-saved @ http://localhost:3000/_next/static/chunks/2ff6d_next_dist_bc817883._.js:2297
[  390568ms] [LOG] 💾 Proposal data auto-saved @ http://localhost:3000/_next/static/chunks/2ff6d_next_dist_bc817883._.js:2297
[  395568ms] [LOG] 💾 Proposal data auto-saved @ http://localhost:3000/_next/static/chunks/2ff6d_next_dist_bc817883._.js:2297
[  400568ms] [LOG] 💾 Proposal data auto-saved @ http://localhost:3000/_next/static/chunks/2ff6d_next_dist_bc817883._.js:2297
[  405569ms] [LOG] 💾 Proposal data auto-saved @ http://localhost:3000/_next/static/chunks/2ff6d_next_dist_bc817883._.js:2297
[  410568ms] [LOG] 💾 Proposal data auto-saved @ http://localhost:3000/_next/static/chunks/2ff6d_next_dist_bc817883._.js:2297
[  415569ms] [LOG] 💾 Proposal data auto-saved @ http://localhost:3000/_next/static/chunks/2ff6d_next_dist_bc817883._.js:2297
[  420568ms] [LOG] 💾 Proposal data auto-saved @ http://localhost:3000/_next/static/chunks/2ff6d_next_dist_bc817883._.js:2297
[  425568ms] [LOG] 💾 Proposal data auto-saved @ http://localhost:3000/_next/static/chunks/2ff6d_next_dist_bc817883._.js:2297
[  430569ms] [LOG] 💾 Proposal data auto-saved @ http://localhost:3000/_next/static/chunks/2ff6d_next_dist_bc817883._.js:2297
[  435568ms] [LOG] 💾 Proposal data auto-saved @ http://localhost:3000/_next/static/chunks/2ff6d_next_dist_bc817883._.js:2297
[  440568ms] [LOG] 💾 Proposal data auto-saved @ http://localhost:3000/_next/static/chunks/2ff6d_next_dist_bc817883._.js:2297
[  445568ms] [LOG] 💾 Proposal data auto-saved @ http://localhost:3000/_next/static/chunks/2ff6d_next_dist_bc817883._.js:2297
[  450568ms] [LOG] 💾 Proposal data auto-saved @ http://localhost:3000/_next/static/chunks/2ff6d_next_dist_bc817883._.js:2297
[  455568ms] [LOG] 💾 Proposal data auto-saved @ http://localhost:3000/_next/static/chunks/2ff6d_next_dist_bc817883._.js:2297
[  460568ms] [LOG] 💾 Proposal data auto-saved @ http://localhost:3000/_next/static/chunks/2ff6d_next_dist_bc817883._.js:2297
[  465568ms] [LOG] 💾 Proposal data auto-saved @ http://localhost:3000/_next/static/chunks/2ff6d_next_dist_bc817883._.js:2297
[  470568ms] [LOG] 💾 Proposal data auto-saved @ http://localhost:3000/_next/static/chunks/2ff6d_next_dist_bc817883._.js:2297
[  475569ms] [LOG] 💾 Proposal data auto-saved @ http://localhost:3000/_next/static/chunks/2ff6d_next_dist_bc817883._.js:2297
[  480568ms] [LOG] 💾 Proposal data auto-saved @ http://localhost:3000/_next/static/chunks/2ff6d_next_dist_bc817883._.js:2297
[  485569ms] [LOG] 💾 Proposal data auto-saved @ http://localhost:3000/_next/static/chunks/2ff6d_next_dist_bc817883._.js:2297
[  487778ms] [LOG] [Fast Refresh] rebuilding @ http://localhost:3000/_next/static/chunks/2ff6d_next_dist_bc817883._.js:2297
[  487786ms] [LOG] [Fast Refresh] done in 210ms @ http://localhost:3000/_next/static/chunks/2ff6d_next_dist_bc817883._.js:2297
[  490568ms] [LOG] 💾 Proposal data auto-saved @ http://localhost:3000/_next/static/chunks/2ff6d_next_dist_bc817883._.js:2297
[  495568ms] [LOG] 💾 Proposal data auto-saved @ http://localhost:3000/_next/static/chunks/2ff6d_next_dist_bc817883._.js:2297
[  500568ms] [LOG] 💾 Proposal data auto-saved @ http://localhost:3000/_next/static/chunks/2ff6d_next_dist_bc817883._.js:2297
[  505569ms] [LOG] 💾 Proposal data auto-saved @ http://localhost:3000/_next/static/chunks/2ff6d_next_dist_bc817883._.js:2297
[  510568ms] [LOG] 💾 Proposal data auto-saved @ http://localhost:3000/_next/static/chunks/2ff6d_next_dist_bc817883._.js:2297
[  515568ms] [LOG] 💾 Proposal data auto-saved @ http://localhost:3000/_next/static/chunks/2ff6d_next_dist_bc817883._.js:2297
[  520568ms] [LOG] 💾 Proposal data auto-saved @ http://localhost:3000/_next/static/chunks/2ff6d_next_dist_bc817883._.js:2297
[  525568ms] [LOG] 💾 Proposal data auto-saved @ http://localhost:3000/_next/static/chunks/2ff6d_next_dist_bc817883._.js:2297
[  530568ms] [LOG] 💾 Proposal data auto-saved @ http://localhost:3000/_next/static/chunks/2ff6d_next_dist_bc817883._.js:2297
[  535568ms] [LOG] 💾 Proposal data auto-saved @ http://localhost:3000/_next/static/chunks/2ff6d_next_dist_bc817883._.js:2297
[  540568ms] [LOG] 💾 Proposal data auto-saved @ http://localhost:3000/_next/static/chunks/2ff6d_next_dist_bc817883._.js:2297
[  545568ms] [LOG] 💾 Proposal data auto-saved @ http://localhost:3000/_next/static/chunks/2ff6d_next_dist_bc817883._.js:2297
[  550569ms] [LOG] 💾 Proposal data auto-saved @ http://localhost:3000/_next/static/chunks/2ff6d_next_dist_bc817883._.js:2297
[  555568ms] [LOG] 💾 Proposal data auto-saved @ http://localhost:3000/_next/static/chunks/2ff6d_next_dist_bc817883._.js:2297
[  560568ms] [LOG] 💾 Proposal data auto-saved @ http://localhost:3000/_next/static/chunks/2ff6d_next_dist_bc817883._.js:2297
[  565569ms] [LOG] 💾 Proposal data auto-saved @ http://localhost:3000/_next/static/chunks/2ff6d_next_dist_bc817883._.js:2297
[  570568ms] [LOG] 💾 Proposal data auto-saved @ http://localhost:3000/_next/static/chunks/2ff6d_next_dist_bc817883._.js:2297
[  575568ms] [LOG] 💾 Proposal data auto-saved @ http://localhost:3000/_next/static/chunks/2ff6d_next_dist_bc817883._.js:2297
[  580568ms] [LOG] 💾 Proposal data auto-saved @ http://localhost:3000/_next/static/chunks/2ff6d_next_dist_bc817883._.js:2297
[  585568ms] [LOG] 💾 Proposal data auto-saved @ http://localhost:3000/_next/static/chunks/2ff6d_next_dist_bc817883._.js:2297
[  590568ms] [LOG] 💾 Proposal data auto-saved @ http://localhost:3000/_next/static/chunks/2ff6d_next_dist_bc817883._.js:2297
[  595568ms] [LOG] 💾 Proposal data auto-saved @ http://localhost:3000/_next/static/chunks/2ff6d_next_dist_bc817883._.js:2297
[  600568ms] [LOG] 💾 Proposal data auto-saved @ http://localhost:3000/_next/static/chunks/2ff6d_next_dist_bc817883._.js:2297
[  605568ms] [LOG] 💾 Proposal data auto-saved @ http://localhost:3000/_next/static/chunks/2ff6d_next_dist_bc817883._.js:2297
[  610568ms] [LOG] 💾 Proposal data auto-saved @ http://localhost:3000/_next/static/chunks/2ff6d_next_dist_bc817883._.js:2297
[  615568ms] [LOG] 💾 Proposal data auto-saved @ http://localhost:3000/_next/static/chunks/2ff6d_next_dist_bc817883._.js:2297
[  620570ms] [LOG] 💾 Proposal data auto-saved @ http://localhost:3000/_next/static/chunks/2ff6d_next_dist_bc817883._.js:2297
[  625569ms] [LOG] 💾 Proposal data auto-saved @ http://localhost:3000/_next/static/chunks/2ff6d_next_dist_bc817883._.js:2297
[  630569ms] [LOG] 💾 Proposal data auto-saved @ http://localhost:3000/_next/static/chunks/2ff6d_next_dist_bc817883._.js:2297
[  635568ms] [LOG] 💾 Proposal data auto-saved @ http://localhost:3000/_next/static/chunks/2ff6d_next_dist_bc817883._.js:2297
[  640569ms] [LOG] 💾 Proposal data auto-saved @ http://localhost:3000/_next/static/chunks/2ff6d_next_dist_bc817883._.js:2297
[  645568ms] [LOG] 💾 Proposal data auto-saved @ http://localhost:3000/_next/static/chunks/2ff6d_next_dist_bc817883._.js:2297
[  650569ms] [LOG] 💾 Proposal data auto-saved @ http://localhost:3000/_next/static/chunks/2ff6d_next_dist_bc817883._.js:2297
[  655568ms] [LOG] 💾 Proposal data auto-saved @ http://localhost:3000/_next/static/chunks/2ff6d_next_dist_bc817883._.js:2297
[  660568ms] [LOG] 💾 Proposal data auto-saved @ http://localhost:3000/_next/static/chunks/2ff6d_next_dist_bc817883._.js:2297
[  665568ms] [LOG] 💾 Proposal data auto-saved @ http://localhost:3000/_next/static/chunks/2ff6d_next_dist_bc817883._.js:2297
[  669710ms] [LOG] [Fast Refresh] rebuilding @ http://localhost:3000/_next/static/chunks/2ff6d_next_dist_bc817883._.js:2297
[  669721ms] [LOG] [Fast Refresh] done in 111ms @ http://localhost:3000/_next/static/chunks/2ff6d_next_dist_bc817883._.js:2297
[  673359ms] [LOG] 💾 Proposal data auto-saved @ http://localhost:3000/_next/static/chunks/2ff6d_next_dist_bc817883._.js:2297
[  678359ms] [LOG] 💾 Proposal data auto-saved @ http://localhost:3000/_next/static/chunks/2ff6d_next_dist_bc817883._.js:2297
[  683360ms] [LOG] 💾 Proposal data auto-saved @ http://localhost:3000/_next/static/chunks/2ff6d_next_dist_bc817883._.js:2297
[  688359ms] [LOG] 💾 Proposal data auto-saved @ http://localhost:3000/_next/static/chunks/2ff6d_next_dist_bc817883._.js:2297
[  693361ms] [LOG] 💾 Proposal data auto-saved @ http://localhost:3000/_next/static/chunks/2ff6d_next_dist_bc817883._.js:2297
[  698362ms] [LOG] 💾 Proposal data auto-saved @ http://localhost:3000/_next/static/chunks/2ff6d_next_dist_bc817883._.js:2297
[  703359ms] [LOG] 💾 Proposal data auto-saved @ http://localhost:3000/_next/static/chunks/2ff6d_next_dist_bc817883._.js:2297
[  708359ms] [LOG] 💾 Proposal data auto-saved @ http://localhost:3000/_next/static/chunks/2ff6d_next_dist_bc817883._.js:2297
[  713359ms] [LOG] 💾 Proposal data auto-saved @ http://localhost:3000/_next/static/chunks/2ff6d_next_dist_bc817883._.js:2297
[  718359ms] [LOG] 💾 Proposal data auto-saved @ http://localhost:3000/_next/static/chunks/2ff6d_next_dist_bc817883._.js:2297
[  723360ms] [LOG] 💾 Proposal data auto-saved @ http://localhost:3000/_next/static/chunks/2ff6d_next_dist_bc817883._.js:2297
[  728359ms] [LOG] 💾 Proposal data auto-saved @ http://localhost:3000/_next/static/chunks/2ff6d_next_dist_bc817883._.js:2297
[  733359ms] [LOG] 💾 Proposal data auto-saved @ http://localhost:3000/_next/static/chunks/2ff6d_next_dist_bc817883._.js:2297
[  738360ms] [LOG] 💾 Proposal data auto-saved @ http://localhost:3000/_next/static/chunks/2ff6d_next_dist_bc817883._.js:2297
[  743359ms] [LOG] 💾 Proposal data auto-saved @ http://localhost:3000/_next/static/chunks/2ff6d_next_dist_bc817883._.js:2297
[  748359ms] [LOG] 💾 Proposal data auto-saved @ http://localhost:3000/_next/static/chunks/2ff6d_next_dist_bc817883._.js:2297
[  753359ms] [LOG] 💾 Proposal data auto-saved @ http://localhost:3000/_next/static/chunks/2ff6d_next_dist_bc817883._.js:2297
[  758359ms] [LOG] 💾 Proposal data auto-saved @ http://localhost:3000/_next/static/chunks/2ff6d_next_dist_bc817883._.js:2297
[  763359ms] [LOG] 💾 Proposal data auto-saved @ http://localhost:3000/_next/static/chunks/2ff6d_next_dist_bc817883._.js:2297
[  768359ms] [LOG] 💾 Proposal data auto-saved @ http://localhost:3000/_next/static/chunks/2ff6d_next_dist_bc817883._.js:2297
[  770909ms] [LOG] [Fast Refresh] rebuilding @ http://localhost:3000/_next/static/chunks/2ff6d_next_dist_bc817883._.js:2297
[  771917ms] [LOG] [Fast Refresh] done in 1015ms @ http://localhost:3000/_next/static/chunks/2ff6d_next_dist_bc817883._.js:2297
[  772163ms] TypeError: Cannot read properties of undefined (reading 'companyName')
    at PreviewPage (http://localhost:3000/_next/static/chunks/property-visualizer_proposal-generator_f2f8c34c._.js?id=%255Bproject%255D%252Fproperty-visualizer%252Fproposal-generator%252Fapp%252Fpreview%252Fpage.tsx+%255Bapp-client%255D+%2528ecmascript%2529:1218:83)
    at Object.react_stack_bottom_frame (http://localhost:3000/_next/static/chunks/2ff6d_next_dist_compiled_react-dom_bfef0c16._.js:14826:24)
    at renderWithHooks (http://localhost:3000/_next/static/chunks/2ff6d_next_dist_compiled_react-dom_bfef0c16._.js:4651:24)
    at updateFunctionComponent (http://localhost:3000/_next/static/chunks/2ff6d_next_dist_compiled_react-dom_bfef0c16._.js:6112:21)
    at beginWork (http://localhost:3000/_next/static/chunks/2ff6d_next_dist_compiled_react-dom_bfef0c16._.js:6708:24)
    at runWithFiberInDEV (http://localhost:3000/_next/static/chunks/2ff6d_next_dist_compiled_react-dom_bfef0c16._.js:965:74)
    at performUnitOfWork (http://localhost:3000/_next/static/chunks/2ff6d_next_dist_compiled_react-dom_bfef0c16._.js:9562:97)
    at workLoopSync (http://localhost:3000/_next/static/chunks/2ff6d_next_dist_compiled_react-dom_bfef0c16._.js:9456:40)
    at renderRootSync (http://localhost:3000/_next/static/chunks/2ff6d_next_dist_compiled_react-dom_bfef0c16._.js:9440:13)
    at performWorkOnRoot (http://localhost:3000/_next/static/chunks/2ff6d_next_dist_compiled_react-dom_bfef0c16._.js:9105:47)
    at performWorkOnRootViaSchedulerTask (http://localhost:3000/_next/static/chunks/2ff6d_next_dist_compiled_react-dom_bfef0c16._.js:10230:9)
    at MessagePort.performWorkUntilDeadline (http://localhost:3000/_next/static/chunks/2ff6d_next_dist_compiled_382fabd0._.js:2647:64)
[  772344ms] [LOG] [Fast Refresh] rebuilding @ http://localhost:3000/_next/static/chunks/2ff6d_next_dist_bc817883._.js:2297
[  772453ms] [LOG] [Fast Refresh] done in 209ms @ http://localhost:3000/_next/static/chunks/2ff6d_next_dist_bc817883._.js:2297
[  801999ms] [LOG] [Fast Refresh] rebuilding @ http://localhost:3000/_next/static/chunks/2ff6d_next_dist_bc817883._.js:2297
[  802360ms] [WARNING] [Fast Refresh] performing full reload because your application had an unrecoverable error @ http://localhost:3000/_next/static/chunks/2ff6d_next_dist_bc817883._.js:2297
[  802561ms] [LOG] 📂 Loading saved proposal data... @ http://localhost:3000/_next/static/chunks/2ff6d_next_dist_bc817883._.js:2297
[  802565ms] [LOG] ✅ Proposal data restored from localStorage @ http://localhost:3000/_next/static/chunks/2ff6d_next_dist_bc817883._.js:2297
[  802803ms] [LOG] [Fast Refresh] done in 434ms @ http://localhost:3000/_next/static/chunks/2ff6d_next_dist_bc817883._.js:2297
[  802978ms] [LOG] [Fast Refresh] rebuilding @ http://localhost:3000/_next/static/chunks/2ff6d_next_dist_bc817883._.js:2297
[  803386ms] [LOG] [Fast Refresh] done in 582ms @ http://localhost:3000/_next/static/chunks/2ff6d_next_dist_bc817883._.js:2297
[  804135ms] [INFO] %cDownload the React DevTools for a better development experience: https://react.dev/link/react-devtools font-weight:bold @ http://localhost:3000/_next/static/chunks/2ff6d_next_dist_bc817883._.js:2297
[  804299ms] [LOG] [HMR] connected @ http://localhost:3000/_next/static/chunks/2ff6d_next_dist_bc817883._.js:2297
[  804442ms] [LOG] 📂 Loading saved proposal data... @ http://localhost:3000/_next/static/chunks/2ff6d_next_dist_bc817883._.js:2297
[  804445ms] [LOG] ✅ Proposal data restored from localStorage @ http://localhost:3000/_next/static/chunks/2ff6d_next_dist_bc817883._.js:2297
[  809712ms] [LOG] 💾 Proposal data auto-saved @ http://localhost:3000/_next/static/chunks/2ff6d_next_dist_bc817883._.js:2297
[  814712ms] [LOG] 💾 Proposal data auto-saved @ http://localhost:3000/_next/static/chunks/2ff6d_next_dist_bc817883._.js:2297
[  819712ms] [LOG] 💾 Proposal data auto-saved @ http://localhost:3000/_next/static/chunks/2ff6d_next_dist_bc817883._.js:2297
[  824712ms] [LOG] 💾 Proposal data auto-saved @ http://localhost:3000/_next/static/chunks/2ff6d_next_dist_bc817883._.js:2297
[  829526ms] [LOG] [Fast Refresh] rebuilding @ http://localhost:3000/_next/static/chunks/2ff6d_next_dist_bc817883._.js:2297
[  830004ms] [LOG] [Fast Refresh] done in 344ms @ http://localhost:3000/_next/static/chunks/2ff6d_next_dist_bc817883._.js:2297
[  830005ms] [LOG] 💾 Proposal data auto-saved @ http://localhost:3000/_next/static/chunks/2ff6d_next_dist_bc817883._.js:2297
[  834712ms] [LOG] 💾 Proposal data auto-saved @ http://localhost:3000/_next/static/chunks/2ff6d_next_dist_bc817883._.js:2297
[  839712ms] [LOG] 💾 Proposal data auto-saved @ http://localhost:3000/_next/static/chunks/2ff6d_next_dist_bc817883._.js:2297
[  844712ms] [LOG] 💾 Proposal data auto-saved @ http://localhost:3000/_next/static/chunks/2ff6d_next_dist_bc817883._.js:2297
[  849713ms] [LOG] 💾 Proposal data auto-saved @ http://localhost:3000/_next/static/chunks/2ff6d_next_dist_bc817883._.js:2297
[  850713ms] [LOG] [Fast Refresh] rebuilding @ http://localhost:3000/_next/static/chunks/2ff6d_next_dist_bc817883._.js:2297
[  851184ms] [LOG] [Fast Refresh] done in 403ms @ http://localhost:3000/_next/static/chunks/2ff6d_next_dist_bc817883._.js:2297
[  854712ms] [LOG] 💾 Proposal data auto-saved @ http://localhost:3000/_next/static/chunks/2ff6d_next_dist_bc817883._.js:2297
[  859712ms] [LOG] 💾 Proposal data auto-saved @ http://localhost:3000/_next/static/chunks/2ff6d_next_dist_bc817883._.js:2297
[  864712ms] [LOG] 💾 Proposal data auto-saved @ http://localhost:3000/_next/static/chunks/2ff6d_next_dist_bc817883._.js:2297
[  869712ms] [LOG] 💾 Proposal data auto-saved @ http://localhost:3000/_next/static/chunks/2ff6d_next_dist_bc817883._.js:2297
[  873577ms] [LOG] [Fast Refresh] rebuilding @ http://localhost:3000/_next/static/chunks/2ff6d_next_dist_bc817883._.js:2297
[  874039ms] [LOG] [Fast Refresh] done in 368ms @ http://localhost:3000/_next/static/chunks/2ff6d_next_dist_bc817883._.js:2297
[  874712ms] [LOG] 💾 Proposal data auto-saved @ http://localhost:3000/_next/static/chunks/2ff6d_next_dist_bc817883._.js:2297
[  879712ms] [LOG] 💾 Proposal data auto-saved @ http://localhost:3000/_next/static/chunks/2ff6d_next_dist_bc817883._.js:2297
[  884712ms] [LOG] 💾 Proposal data auto-saved @ http://localhost:3000/_next/static/chunks/2ff6d_next_dist_bc817883._.js:2297
[  889712ms] [LOG] 💾 Proposal data auto-saved @ http://localhost:3000/_next/static/chunks/2ff6d_next_dist_bc817883._.js:2297
[  892454ms] [LOG] [Fast Refresh] rebuilding @ http://localhost:3000/_next/static/chunks/2ff6d_next_dist_bc817883._.js:2297
[  892767ms] [LOG] [Fast Refresh] done in 291ms @ http://localhost:3000/_next/static/chunks/2ff6d_next_dist_bc817883._.js:2297
[  894712ms] [LOG] 💾 Proposal data auto-saved @ http://localhost:3000/_next/static/chunks/2ff6d_next_dist_bc817883._.js:2297
[  899712ms] [LOG] 💾 Proposal data auto-saved @ http://localhost:3000/_next/static/chunks/2ff6d_next_dist_bc817883._.js:2297
[  904712ms] [LOG] 💾 Proposal data auto-saved @ http://localhost:3000/_next/static/chunks/2ff6d_next_dist_bc817883._.js:2297
[  909713ms] [LOG] 💾 Proposal data auto-saved @ http://localhost:3000/_next/static/chunks/2ff6d_next_dist_bc817883._.js:2297
[  914712ms] [LOG] 💾 Proposal data auto-saved @ http://localhost:3000/_next/static/chunks/2ff6d_next_dist_bc817883._.js:2297
[  919713ms] [LOG] 💾 Proposal data auto-saved @ http://localhost:3000/_next/static/chunks/2ff6d_next_dist_bc817883._.js:2297
[  924713ms] [LOG] 💾 Proposal data auto-saved @ http://localhost:3000/_next/static/chunks/2ff6d_next_dist_bc817883._.js:2297
[  929713ms] [LOG] 💾 Proposal data auto-saved @ http://localhost:3000/_next/static/chunks/2ff6d_next_dist_bc817883._.js:2297
[  934712ms] [LOG] 💾 Proposal data auto-saved @ http://localhost:3000/_next/static/chunks/2ff6d_next_dist_bc817883._.js:2297
[  939713ms] [LOG] 💾 Proposal data auto-saved @ http://localhost:3000/_next/static/chunks/2ff6d_next_dist_bc817883._.js:2297
[  944712ms] [LOG] 💾 Proposal data auto-saved @ http://localhost:3000/_next/static/chunks/2ff6d_next_dist_bc817883._.js:2297
[  949712ms] [LOG] 💾 Proposal data auto-saved @ http://localhost:3000/_next/static/chunks/2ff6d_next_dist_bc817883._.js:2297
[  954712ms] [LOG] 💾 Proposal data auto-saved @ http://localhost:3000/_next/static/chunks/2ff6d_next_dist_bc817883._.js:2297
[  959713ms] [LOG] 💾 Proposal data auto-saved @ http://localhost:3000/_next/static/chunks/2ff6d_next_dist_bc817883._.js:2297
[  962444ms] [LOG] [Fast Refresh] rebuilding @ http://localhost:3000/_next/static/chunks/2ff6d_next_dist_bc817883._.js:2297
[  963292ms] [LOG] [Fast Refresh] done in 669ms @ http://localhost:3000/_next/static/chunks/2ff6d_next_dist_bc817883._.js:2297
[  964712ms] [LOG] 💾 Proposal data auto-saved @ http://localhost:3000/_next/static/chunks/2ff6d_next_dist_bc817883._.js:2297
[  969713ms] [LOG] 💾 Proposal data auto-saved @ http://localhost:3000/_next/static/chunks/2ff6d_next_dist_bc817883._.js:2297
[  974718ms] [LOG] 💾 Proposal data auto-saved @ http://localhost:3000/_next/static/chunks/2ff6d_next_dist_bc817883._.js:2297
[  979712ms] [LOG] 💾 Proposal data auto-saved @ http://localhost:3000/_next/static/chunks/2ff6d_next_dist_bc817883._.js:2297
[  984713ms] [LOG] 💾 Proposal data auto-saved @ http://localhost:3000/_next/static/chunks/2ff6d_next_dist_bc817883._.js:2297
[  989712ms] [LOG] 💾 Proposal data auto-saved @ http://localhost:3000/_next/static/chunks/2ff6d_next_dist_bc817883._.js:2297
[  994714ms] [LOG] 💾 Proposal data auto-saved @ http://localhost:3000/_next/static/chunks/2ff6d_next_dist_bc817883._.js:2297
[  999713ms] [LOG] 💾 Proposal data auto-saved @ http://localhost:3000/_next/static/chunks/2ff6d_next_dist_bc817883._.js:2297
[ 1004712ms] [LOG] 💾 Proposal data auto-saved @ http://localhost:3000/_next/static/chunks/2ff6d_next_dist_bc817883._.js:2297
[ 1009712ms] [LOG] 💾 Proposal data auto-saved @ http://localhost:3000/_next/static/chunks/2ff6d_next_dist_bc817883._.js:2297
[ 1014713ms] [LOG] 💾 Proposal data auto-saved @ http://localhost:3000/_next/static/chunks/2ff6d_next_dist_bc817883._.js:2297
[ 1019712ms] [LOG] 💾 Proposal data auto-saved @ http://localhost:3000/_next/static/chunks/2ff6d_next_dist_bc817883._.js:2297
